[    2.617878] bio: create slab <bio-0> at 0
[    2.631201] ambarella-i2c ambarella-i2c.0: Ambarella Media Processor I2C adapter[i2c-0] probed!
[    2.642163] ambarella-i2c ambarella-i2c.1: Ambarella Media Processor I2C adapter[i2c-1] probed!
[    2.652894] i2c i2c-0: Added multiplexed i2c bus 2
[    2.657892] ambarella-i2cmux ambarella-i2cmux.0: mux on ambarella-i2c adapter
[    2.669129] Advanced Linux Sound Architecture Driver Version 1.0.23.
[    2.679475] Switching to clocksource ambarella-cs-timer
[    2.690161] Switched to NOHz mode on CPU #0
[    2.758341] ambarella-sd ambarella-sd.0: Slot0 use bounce buffer[0xc8960000<->0xc8b60000]
[    2.767265] ambarella-sd ambarella-sd.0: Slot0 req_size=0x00020000, segs=32, seg_size=0x00020000
[    2.776782] ambarella-sd ambarella-sd.0: Slot1 use bounce buffer[0xc8800000<->0xc8a00000]
[    2.785451] ambarella-sd ambarella-sd.0: Slot1 req_size=0x00020000, segs=32, seg_size=0x00020000
[    2.835425] ambarella-sd ambarella-sd.0: Ambarella SD/MMC[0] has 2 slots @ 25263157Hz, [0x09e130b0:0x00000000]
[    2.846785] NET: Registered protocol family 2
[    2.851720] IP route cache hash table entries: 2048 (order: 1, 8192 bytes)
[    2.860064] TCP established hash table entries: 8192 (order: 4, 65536 bytes)
[    2.867891] TCP bind hash table entries: 8192 (order: 3, 32768 bytes)
[    2.874778] TCP: Hash tables configured (established 8192 bind 8192)
[    2.881483] TCP reno registered
[    2.884775] UDP hash table entries: 256 (order: 0, 4096 bytes)
[    2.890948] UDP-Lite hash table entries: 256 (order: 0, 4096 bytes)
[    2.898133] NET: Registered protocol family 1
[    2.917278] squashfs: version 4.0 (2009/01/31) Phillip Lougher
[    2.923502] JFFS2 version 2.2. (NAND) Â© 2001-2006 Red Hat, Inc.
[    2.931502] msgmni has been set to 265
[    2.940600] io scheduler noop registered
[    2.944706] io scheduler deadline registered
[    2.949555] io scheduler cfq registered (default)
[    2.956599] ambarella-uart.0: ttyS0 at MMIO 0x70005000 (irq = 9) is a ambuart
[    2.995418] ambarella-uart.1: ttyS1 at MMIO 0x7001f000 (irq = 25) is a ambuart
[    3.038880] brd: module loaded
[    3.058313] loop: module loaded
[    3.065156] NAND device: Manufacturer ID: 0xec, Chip ID: 0xf1 (Samsung NAND 128MiB 3,3V 8-bit)
[    3.074543] ambarella_nand_config_flash: 0x02e00140, 0x02c00140
[    3.082490] ambarella-nand ambarella-nand: ambarella_nand_probe: Partition infomation found!
[    3.091464] Creating 10 MTD partitions on "ambnand":
[    3.096750] 0x000000000000-0x000000020000 : "bst"
[    3.106011] 0x000000020000-0x000000520000 : "ptb"
[    3.115053] 0x000000520000-0x000000a20000 : "bld"
[    3.124362] 0x000000a20000-0x000000f20000 : "hal"
[    3.133744] 0x000000f20000-0x000001520000 : "pri"
[    3.143264] 0x000001520000-0x000001b20000 : "sec"
[    3.152758] 0x000001b20000-0x000004920000 : "bak"
[    3.162362] 0x000004920000-0x000004c20000 : "dsp"
[    3.171676] 0x000004c20000-0x000007a20000 : "lnx"
[    3.181147] 0x000007a20000-0x000007d20000 : "adc"
[    3.192756] UBI: attaching mtd6 to ubi0
[    3.197088] UBI: physical eraseblock size:   131072 bytes (128 KiB)
[    3.203605] UBI: logical eraseblock size:    126976 bytes
[    3.209407] UBI: smallest flash I/O unit:    2048
[    3.214312] UBI: VID header offset:          2048 (aligned 2048)
[    3.220660] UBI: data offset:                4096
[    3.465640] UBI: max. sequence number:       300
[    3.482253] UBI: attached mtd6 to ubi0
[    3.486312] UBI: MTD device name:            "bak"
[    3.491316] UBI: MTD device size:            46 MiB
[    3.496516] UBI: number of good PEBs:        367
[    3.501303] UBI: number of bad PEBs:         1
[    3.505995] UBI: number of corrupted PEBs:   0
[    3.510603] UBI: max. allowed volumes:       128
[    3.515481] UBI: wear-leveling threshold:    4096
[    3.520373] UBI: number of internal volumes: 1
[    3.524979] UBI: number of user volumes:     1
[    3.529654] UBI: available PEBs:             0
[    3.534270] UBI: total number of reserved PEBs: 367
[    3.539392] UBI: number of PEBs reserved for bad PEB handling: 3
[    3.545713] UBI: max/mean erase counter: 3/1
[    3.550158] UBI: image sequence number:  626537469
[    3.555171] UBI: background thread "ubi_bgt0d" started, PID 644
[    3.561645] console [netcon0] enabled
[    3.565590] netconsole: network logging started
[    3.571994] mousedev: PS/2 mouse device common for all mice
[    3.581439] using rtc device, ambarella-rtc, for alarms
[    3.587051] ambarella-rtc ambarella-rtc: rtc core: registered ambarella-rtc as rtc0
[    3.597606] ambarella-wdt ambarella-wdt: Ambarella Media Processor Watch Dog Timer[ambarella-wdt].
[    3.615726] ALSA device list:
[    3.618841]   No soundcards found.
[    3.622382] oprofile: hardware counters not available
[    3.627977] oprofile: using timer interrupt.
[    3.632719] TCP cubic registered
[    3.636246] NET: Registered protocol family 17
[    3.645168] ambarella-rtc ambarella-rtc: setting system clock to 2004-01-10 13:45:39 UTC (1073742339)
[    3.656878] UBIFS: parse sync
[    3.694527] UBIFS: recovery needed
[    3.837982] UBIFS: recovery completed
[    3.842036] UBIFS: mounted UBI device 0, volume 0, name "rootfs"
[    3.848551] UBIFS: file system size:   44314624 bytes (43276 KiB, 42 MiB, 349 LEBs)
[    3.856818] UBIFS: journal size:       9023488 bytes (8812 KiB, 8 MiB, 72 LEBs)
[    3.864528] UBIFS: media format:       w4/r0 (latest is w4/r0)
[    3.870703] UBIFS: default compressor: lzo
[    3.874991] UBIFS: reserved for root:  0 bytes (0 KiB)
[    3.881389] VFS: Mounted root (ubifs filesystem) on device 0:13.
[    3.887938] Freeing init memory: 136K
[    4.690593] UBI: attaching mtd9 to ubi1
[    4.694614] UBI: physical eraseblock size:   131072 bytes (128 KiB)
[    4.701249] UBI: logical eraseblock size:    126976 bytes
[    4.706964] UBI: smallest flash I/O unit:    2048
[    4.711861] UBI: VID header offset:          2048 (aligned 2048)
[    4.718167] UBI: data offset:                4096
[    4.731425] UBI: max. sequence number:       0
[    4.736171] UBI error: ubi_read_volume_table: the layout volume was not found
ubiattach: error!: cannot attach mtd9
           error 22 (Invalid argument)
umount: can't umount /mnt/dropcam: Invalid argument
mount: mounting ubi1_0 on /mnt/dropcam/ failed: No such device
[    4.834617] CLEANMARKER node found at 0x00000000 has totlen 0xc != normal 0x0
[    4.877873] Empty flash at 0x00000114 ends at 0x00000800
rm: can't remove '/root/*.pid': No such file or directory
rm: can't remove '/root/*.log': No such file or directory
Populating dropcam using udev: Done
[    5.641341] Loading modules backported from Linux version v3.14-0-g455c6fd
[    5.648926] Backport generated by backports.git v3.14-1-0-g369d49a
[    6.485489] cfg80211: Calling CRDA to update world regulatory domain
[    6.492243] cfg80211: World regulatory domain updated:
[    6.515432] cfg80211:     (start_freq - end_freq @ bandwidth), (max_antenna_gain, max_eirp)
[    6.535570] cfg80211:     (2402000 KHz - 2472000 KHz @ 40000 KHz), (300 mBi, 2000 mBm)
[    6.548761] cfg80211:     (2457000 KHz - 2482000 KHz @ 20000 KHz), (300 mBi, 2000 mBm)
[    6.557755] cfg80211:     (2474000 KHz - 2494000 KHz @ 20000 KHz), (300 mBi, 2000 mBm)
[    6.566181] cfg80211:     (5140000 KHz - 5360000 KHz @ 40000 KHz), (N/A, 3000 mBm)
[    6.574273] cfg80211:     (5460000 KHz - 5860000 KHz @ 40000 KHz), (N/A, 3000 mBm)
[    6.932527] Switching to clocksource jiffies
[    6.932527] Switching to clocksource ambarella-cs-timer
[    6.455821] i2c /dev entries driver
[    6.518534] cfg80211: World regulatory domain updated:
[    6.523825] cfg80211:     (start_freq - end_freq @ bandwidth), (max_antenna_gain, max_eirp)
[    6.543113] cfg80211:     (2402000 KHz - 2472000 KHz @ 40000 KHz), (300 mBi, 2000 mBm)
[    6.551448] cfg80211:     (2457000 KHz - 2482000 KHz @ 40000 KHz), (300 mBi, 2000 mBm)
[    6.559782] cfg80211:     (2474000 KHz - 2494000 KHz @ 20000 KHz), (300 mBi, 2000 mBm)
[    6.568086] cfg80211:     (5170000 KHz - 5250000 KHz @ 40000 KHz), (300 mBi, 2000 mBm)
[    6.576968] cfg80211:     (5735000 KHz - 5835000 KHz @ 40000 KHz), (300 mBi, 2000 mBm)
[    6.753323] wm8974_amb.c :: __init wm8974_modinit(void)
[    6.758811]
[    6.758833] wm8974 i2c add +
[    6.767368]
[    6.767394] wm8974 i2c add -
[    6.771853]
[    6.771861] wm8974 init done
[    6.817588] wm8974 audio codec is provided by amba Wu Dongge
[    6.846192] asoc: wm8974-hifi <-> ambarella-i2s.0 mapping ok
[    6.971981] input: AmbInput as /devices/virtual/input/input0
[    6.987421] ambarella_gpio_irq_set_wake: irq[99] = girq[35] = 1
[    6.993518] ambarella-input ambarella-input: AmbInput probed!
[    7.119969] ambarella_udc: version 2 August 2011
[    7.209271] ambarella-crypto ambarella-crypto: Ambarella Media Processor Cryptography Engine probed(polling mode).
Initializing random number generator... [    7.395859] mmc1: queuing unknown CIS tuple 0x01 (3 bytes)
[    7.425738] mmc1: queuing unknown CIS tuple 0x1a (5 bytes)

[    0.000000] Linux version 2.6.38.8 (jenkins@dropcam-build.local) (gcc version 4.5.2 (Sourcery G++ Lite 2011.03-41) ) #21 PREEMPT Fri Jun 19 01:09:35 UTC 2015
[    0.000000] CPU: ARMv6-compatible processor [4117b365] revision 5 (ARMv6TEJ), cr=00c5387f
[    0.000000] CPU: VIPT nonaliasing data cache, VIPT nonaliasing instruction cache
[    0.000000] Machine: Coconut
[    0.000000] Memory policy: ECC disabled, Data cache writeback
[    0.000000] Ambarella: AHB   = 0x60000000[0xf0000000],0x01000000 0
[    0.000000] Ambarella: APB   = 0x70000000[0xf1000000],0x01000000 0
[    0.000000] Ambarella: PPM   = 0xc0000000[0xe0000000],0x00200000 9
[    0.000000] Ambarella: BSB   = 0xc8c00000[0xe8c00000],0x00400000 9
[    0.000000] Ambarella: DSP   = 0xc9000000[0xe9000000],0x07000000 9
[    0.000000] Ambarella: HAL   = 0xc00a0000[0xfee00000],0x0000e708 9
[    0.000000] bootmem_init: high_memory = 0xc8a00000
[    0.000000] Built 1 zonelists in Zone order, mobility grouping on.  Total pages: 35052
[    0.000000] Kernel command line: console=ttyS0 ubi.mtd=bak root=ubi0:rootfs rw rootfstype=ubifs rootflags=sync init=/linuxrc hw_rev_adc_val=266
[    0.000000] PID hash table entries: 1024 (order: 0, 4096 bytes)
[    0.000000] Dentry cache hash table entries: 32768 (order: 5, 131072 bytes)
[    0.000000] Inode-cache hash table entries: 16384 (order: 4, 65536 bytes)
[    0.000000] Memory: 138MB = 138MB total
[    0.000000] Memory: 135696k/135696k available, 5616k reserved, 0K highmem
[    0.000000] Virtual kernel memory layout:
[    0.000000]     vector  : 0xffff0000 - 0xffff1000   (   4 kB)
[    0.000000]     fixmap  : 0xfff00000 - 0xfffe0000   ( 896 kB)
[    0.000000]     DMA     : 0xfe600000 - 0xfee00000   (   8 MB)
[    0.000000]     vmalloc : 0xc9000000 - 0xe0000000   ( 368 MB)
[    0.000000]     lowmem  : 0xc0000000 - 0xc8a00000   ( 138 MB)
[    0.000000]     modules : 0xbf000000 - 0xc0000000   (  16 MB)
[    0.000000]       .init : 0xc0008000 - 0xc002a000   ( 136 kB)
[    0.000000]       .text : 0xc002a000 - 0xc03dd000   (3788 kB)
[    0.000000]       .data : 0xc03de000 - 0xc040b578   ( 182 kB)
[    0.000000] Preemptable hierarchical RCU implementation.
[    0.000000]  RCU-based detection of stalled CPUs is disabled.
[    0.000000]  Verbose stalled-CPUs detection is disabled.
[    0.000000] NR_IRQS:224
[    0.000000] sched_clock: 32 bits at 60MHz, resolution 16ns, wraps every 71582ms
[    0.000000] Console: colour dummy device 80x30
[    0.000000] console [ttyS0] enabled
[    0.228086] Calibrating delay loop... 478.41 BogoMIPS (lpj=2392064)
[    0.482913] pid_max: default: 32768 minimum: 301
[    0.488144] Mount-cache hash table entries: 512
[    0.493736] CPU: Testing write buffer coherency: ok
[    0.507103] Enabling TPS3813 HW WDT
[    0.511578] NET: Registered protocol family 16
[    0.523213] Ambarella Dropcam:
[    0.526391]  chip id:    5100
[    0.529296]  board type:     4
[    0.532490]  board revision:     2
[    0.535768]  chip name:      a5m
[    0.538760]  HAL version:        176869
[    0.542365]  reference clock:    24000000
[    0.546272]  system configuration:   0x0400046a
[    0.550882]  boot type:      0x00000002
[    0.554512]  hif type:   0x00000000
[    0.561143] Initializing Crown Royal Dropcam board (revision 2)
[    2.617298] bio: create slab <bio-0> at 0
[    2.630895] ambarella-i2c ambarella-i2c.0: Ambarella Media Processor I2C adapter[i2c-0] probed!
[    2.641855] ambarella-i2c ambarella-i2c.1: Ambarella Media Processor I2C adapter[i2c-1] probed!
[    2.652593] i2c i2c-0: Added multiplexed i2c bus 2
[    2.657601] ambarella-i2cmux ambarella-i2cmux.0: mux on ambarella-i2c adapter
[    2.668837] Advanced Linux Sound Architecture Driver Version 1.0.23.
[    2.679170] Switching to clocksource ambarella-cs-timer
[    2.690155] Switched to NOHz mode on CPU #0
[    2.757904] ambarella-sd ambarella-sd.0: Slot0 use bounce buffer[0xc8960000<->0xc8b60000]
[    2.766809] ambarella-sd ambarella-sd.0: Slot0 req_size=0x00020000, segs=32, seg_size=0x00020000
[    2.776322] ambarella-sd ambarella-sd.0: Slot1 use bounce buffer[0xc8800000<->0xc8a00000]
[    2.784831] ambarella-sd ambarella-sd.0: Slot1 req_size=0x00020000, segs=32, seg_size=0x00020000
[    2.835097] ambarella-sd ambarella-sd.0: Ambarella SD/MMC[0] has 2 slots @ 25263157Hz, [0x09e130b0:0x00000000]
[    2.846461] NET: Registered protocol family 2
[    2.851385] IP route cache hash table entries: 2048 (order: 1, 8192 bytes)
[    2.859714] TCP established hash table entries: 8192 (order: 4, 65536 bytes)
[    2.867534] TCP bind hash table entries: 8192 (order: 3, 32768 bytes)
[    2.874426] TCP: Hash tables configured (established 8192 bind 8192)
[    2.881141] TCP reno registered
[    2.884441] UDP hash table entries: 256 (order: 0, 4096 bytes)
[    2.890619] UDP-Lite hash table entries: 256 (order: 0, 4096 bytes)
[    2.897810] NET: Registered protocol family 1
[    2.916946] squashfs: version 4.0 (2009/01/31) Phillip Lougher
[    2.923169] JFFS2 version 2.2. (NAND) Â© 2001-2006 Red Hat, Inc.
[    2.931149] msgmni has been set to 265
[    2.940299] io scheduler noop registered
[    2.944408] io scheduler deadline registered
[    2.949258] io scheduler cfq registered (default)
[    2.956280] ambarella-uart.0: ttyS0 at MMIO 0x70005000 (irq = 9) is a ambuart
[    2.995090] ambarella-uart.1: ttyS1 at MMIO 0x7001f000 (irq = 25) is a ambuart
[    3.038539] brd: module loaded
[    3.058016] loop: module loaded
[    3.064850] NAND device: Manufacturer ID: 0xec, Chip ID: 0xf1 (Samsung NAND 128MiB 3,3V 8-bit)
[    3.074234] ambarella_nand_config_flash: 0x02e00140, 0x02c00140
[    3.082167] ambarella-nand ambarella-nand: ambarella_nand_probe: Partition infomation found!
[    3.091121] Creating 10 MTD partitions on "ambnand":
[    3.096400] 0x000000000000-0x000000020000 : "bst"
[    3.105679] 0x000000020000-0x000000520000 : "ptb"
[    3.114699] 0x000000520000-0x000000a20000 : "bld"
[    3.124014] 0x000000a20000-0x000000f20000 : "hal"
[    3.133414] 0x000000f20000-0x000001520000 : "pri"
[    3.142950] 0x000001520000-0x000001b20000 : "sec"
[    3.152434] 0x000001b20000-0x000004920000 : "bak"
[    3.162010] 0x000004920000-0x000004c20000 : "dsp"
[    3.171339] 0x000004c20000-0x000007a20000 : "lnx"
[    3.180808] 0x000007a20000-0x000007d20000 : "adc"
[    3.192400] UBI: attaching mtd6 to ubi0
[    3.196724] UBI: physical eraseblock size:   131072 bytes (128 KiB)
[    3.203247] UBI: logical eraseblock size:    126976 bytes
[    3.209046] UBI: smallest flash I/O unit:    2048
[    3.213951] UBI: VID header offset:          2048 (aligned 2048)
[    3.220314] UBI: data offset:                4096
[    3.465637] UBI: max. sequence number:       304
[    3.482207] UBI: attached mtd6 to ubi0
[    3.486264] UBI: MTD device name:            "bak"
[    3.491257] UBI: MTD device size:            46 MiB
[    3.496462] UBI: number of good PEBs:        367
[    3.501264] UBI: number of bad PEBs:         1
[    3.505974] UBI: number of corrupted PEBs:   0
[    3.510600] UBI: max. allowed volumes:       128
[    3.515473] UBI: wear-leveling threshold:    4096
[    3.520365] UBI: number of internal volumes: 1
[    3.525047] UBI: number of user volumes:     1
[    3.529681] UBI: available PEBs:             0
[    3.534299] UBI: total number of reserved PEBs: 367
[    3.539417] UBI: number of PEBs reserved for bad PEB handling: 3
[    3.545714] UBI: max/mean erase counter: 3/1
[    3.550163] UBI: image sequence number:  626537469
[    3.555244] UBI: background thread "ubi_bgt0d" started, PID 644
[    3.561651] console [netcon0] enabled
[    3.565571] netconsole: network logging started
[    3.571964] mousedev: PS/2 mouse device common for all mice
[    3.581391] using rtc device, ambarella-rtc, for alarms
[    3.587018] ambarella-rtc ambarella-rtc: rtc core: registered ambarella-rtc as rtc0
[    3.597589] ambarella-wdt ambarella-wdt: Ambarella Media Processor Watch Dog Timer[ambarella-wdt].
[    3.615732] ALSA device list:
[    3.618828]   No soundcards found.
[    3.622361] oprofile: hardware counters not available
[    3.627965] oprofile: using timer interrupt.
[    3.632704] TCP cubic registered
[    3.636240] NET: Registered protocol family 17
[    3.645311] ambarella-rtc ambarella-rtc: setting system clock to 2004-01-10 13:46:15 UTC (1073742375)
[    3.656854] UBIFS: parse sync
[    3.694557] UBIFS: recovery needed
[    3.807243] UBIFS: recovery completed
[    3.811316] UBIFS: mounted UBI device 0, volume 0, name "rootfs"
[    3.817786] UBIFS: file system size:   44314624 bytes (43276 KiB, 42 MiB, 349 LEBs)
[    3.825869] UBIFS: journal size:       9023488 bytes (8812 KiB, 8 MiB, 72 LEBs)
[    3.833473] UBIFS: media format:       w4/r0 (latest is w4/r0)
[    3.839604] UBIFS: default compressor: lzo
[    3.843869] UBIFS: reserved for root:  0 bytes (0 KiB)
[    3.850642] VFS: Mounted root (ubifs filesystem) on device 0:13.
[    3.857202] Freeing init memory: 136K
[    4.663560] UBI: attaching mtd9 to ubi1
[    4.667706] UBI: physical eraseblock size:   131072 bytes (128 KiB)
[    4.674232] UBI: logical eraseblock size:    126976 bytes
[    4.679930] UBI: smallest flash I/O unit:    2048
[    4.684822] UBI: VID header offset:          2048 (aligned 2048)
[    4.691122] UBI: data offset:                4096
[    4.704314] UBI: max. sequence number:       0
[    4.709059] UBI error: ubi_read_volume_table: the layout volume was not found
ubiattach: error!: cannot attach mtd9
           error 22 (Invalid argument)
umount: can't umount /mnt/dropcam: Invalid argument
mount: mounting ubi1_0 on /mnt/dropcam/ failed: No such device
[    4.807671] CLEANMARKER node found at 0x00000000 has totlen 0xc != normal 0x0
[    4.851432] Empty flash at 0x00000114 ends at 0x00000800
rm: can't remove '/root/*.pid': No such file or directory
rm: can't remove '/root/*.log': No such file or directory
Populating dropcam using udev: Done
[    5.737102] Loading modules backported from Linux version v3.14-0-g455c6fd
[    5.744267] Backport generated by backports.git v3.14-1-0-g369d49a
[    6.469894] cfg80211: Calling CRDA to update world regulatory domain
[    6.487237] cfg80211: World regulatory domain updated:
[    6.495455] cfg80211:     (start_freq - end_freq @ bandwidth), (max_antenna_gain, max_eirp)
[    6.513539] cfg80211:     (2402000 KHz - 2472000 KHz @ 40000 KHz), (300 mBi, 2000 mBm)
[    6.522531] cfg80211:     (2457000 KHz - 2482000 KHz @ 20000 KHz), (300 mBi, 2000 mBm)
[    6.530987] cfg80211:     (2474000 KHz - 2494000 KHz @ 20000 KHz), (300 mBi, 2000 mBm)
[    6.539918] cfg80211:     (5140000 KHz - 5360000 KHz @ 40000 KHz), (N/A, 3000 mBm)
[    6.547995] cfg80211:     (5460000 KHz - 5860000 KHz @ 40000 KHz), (N/A, 3000 mBm)
[    6.918305] Switching to clocksource jiffies
[    6.918305] Switching to clocksource ambarella-cs-timer
[    6.441350] i2c /dev entries driver
[    6.509343] cfg80211: World regulatory domain updated:
[    6.514623] cfg80211:     (start_freq - end_freq @ bandwidth), (max_antenna_gain, max_eirp)
[    6.527622] cfg80211:     (2402000 KHz - 2472000 KHz @ 40000 KHz), (300 mBi, 2000 mBm)
[    6.535852] cfg80211:     (2457000 KHz - 2482000 KHz @ 40000 KHz), (300 mBi, 2000 mBm)
[    6.544208] cfg80211:     (2474000 KHz - 2494000 KHz @ 20000 KHz), (300 mBi, 2000 mBm)
[    6.552525] cfg80211:     (5170000 KHz - 5250000 KHz @ 40000 KHz), (300 mBi, 2000 mBm)
[    6.561413] cfg80211:     (5735000 KHz - 5835000 KHz @ 40000 KHz), (300 mBi, 2000 mBm)
[    6.737703] wm8974_amb.c :: __init wm8974_modinit(void)
[    6.743091]
[    6.743104] wm8974 i2c add +
[    6.751600]
[    6.751625] wm8974 i2c add -
[    6.756196]
[    6.756217] wm8974 init done
[    6.801820] wm8974 audio codec is provided by amba Wu Dongge
[    6.827768] asoc: wm8974-hifi <-> ambarella-i2s.0 mapping ok
[    6.947566] input: AmbInput as /devices/virtual/input/input0
[    6.955063] ambarella_gpio_irq_set_wake: irq[99] = girq[35] = 1
[    6.961361] ambarella-input ambarella-input: AmbInput probed!
[    7.096967] ambarella_udc: version 2 August 2011
[    7.185447] ambarella-crypto ambarella-crypto: Ambarella Media Processor Cryptography Engine probed(polling mode).
Initializing random number generator... [    7.385440] mmc1: queuing unknown CIS tuple 0x01 (3 bytes)
[    7.429072] mmc1: queuing unknown CIS tuple 0x1a (5 bytes)
[    7.444474] mmc1: queuing unknown CIS tuple 0x1b (8 bytes)
[    7.459452] mmc1: queuing unknown CIS tuple 0x14 (0 bytes)
[    7.480454] mmc1:attach sdio array 1
[    7.496737] mmc1: queuing unknown CIS tuple 0x80 (1 bytes)
[    7.517800] mmc1: queuing unknown CIS tuple 0x81 (1 bytes)
[    7.529819] mmc1: queuing unknown CIS tuple 0x82 (1 bytes)
[    7.536277] mmc1: new high speed SDIO card at address 0001
done.
Starting system message bus: [    7.797288] MAC from EEPROM 00:03:7F:05:81:91
[    7.837437] Soft MAC 30:8C:FB:91:FF:5E
[    7.879212] ath6kl: temporary war to avoid sdio crc error
[    8.484961] ath6kl: ar6003 hw 2.1.1 sdio fw 3.4.0.225.SMARTPHONE api 4
[    8.501825] ath6kl: Current ath6kl driver version is: 3.4.0.225
done

            .:^:.
        .o0WMMMMMNOc.               lk,
       dWMMMMNXNMMMMWl             .NMc
      dMMMMd.   .kMMMMl     .oOXNX0kWMc cX0xXNo .oOXNX0d'  .0XxxKNNKx;     :kKNNKx. .lOXNNKx,   :XXxKNXOldKNNKd.
      KMMMO       KMMM0    lWNd;',lXMMc oMMo'..dWNo,',oXWx .WMWk;',c0M0. .KMO:'':; ;NWx;',cKMK. lMMx'.oWMX;.'0MO
      OMMMW;     cWMMMx   .MM:     .WMc oMX   'MM,     'WM;.WMd      XMo kM0       KMx     .WMd lMM'  .XMo   cMX
      .0MMMM0..cKMMMMk     0M0'   .dMMc oMX   .XMk'   .xMX..WMK;   .lWW, cWW:      dMX,   .oMMd lMM'  .XMo   cMX
        :XM0:dNMMMMO;       oNMNKXMNWMc oMX    .dNMNKXMNx. .WMWMNKXMWO'   ;0WWKKWN, cKMNKXWWWMd lMM'  .XMo   cMK
          ;.0MMMMO,           .;:;. ';. .;.       .;:;.    .WMo.,:;'.       .,::,.    .;:;'..;. .;;    ,;.   .;.
            'ONx'                                          .WM:
                                                            ..
Ambarella login: Successfully initialized wpa_supplicant
rfkill: Cannot open RFKILL control device
rm: can't remove '/usr/bin/connect_unverified': [    9.512265] ambarella-wdt ambarella-wdt: Not stopping watchdog, V first!
No such file or directory

[    0.000000] Linux version 2.6.38.8 (jenkins@dropcam-build.local) (gcc version 4.5.2 (Sourcery G++ Lite 2011.03-41) ) #21 PREEMPT Fri Jun 19 01:09:35 UTC 2015
[    0.000000] CPU: ARMv6-compatible processor [4117b365] revision 5 (ARMv6TEJ), cr=00c5387f
[    0.000000] CPU: VIPT nonaliasing data cache, VIPT nonaliasing instruction cache
[    0.000000] Machine: Coconut
[    0.000000] Memory policy: ECC disabled, Data cache writeback
[    0.000000] Ambarella: AHB   = 0x60000000[0xf0000000],0x01000000 0
[    0.000000] Ambarella: APB   = 0x70000000[0xf1000000],0x01000000 0
[    0.000000] Ambarella: PPM   = 0xc0000000[0xe0000000],0x00200000 9
[    0.000000] Ambarella: BSB   = 0xc8c00000[0xe8c00000],0x00400000 9
[    0.000000] Ambarella: DSP   = 0xc9000000[0xe9000000],0x07000000 9
[    0.000000] Ambarella: HAL   = 0xc00a0000[0xfee00000],0x0000e708 9
[    0.000000] bootmem_init: high_memory = 0xc8a00000
[    0.000000] Built 1 zonelists in Zone order, mobility grouping on.  Total pages: 35052
[    0.000000] Kernel command line: console=ttyS0 ubi.mtd=bak root=ubi0:rootfs rw rootfstype=ubifs rootflags=sync init=/linuxrc hw_rev_adc_val=266
[    0.000000] PID hash table entries: 1024 (order: 0, 4096 bytes)
[    0.000000] Dentry cache hash table entries: 32768 (order: 5, 131072 bytes)
[    0.000000] Inode-cache hash table entries: 16384 (order: 4, 65536 bytes)
[    0.000000] Memory: 138MB = 138MB total
[    0.000000] Memory: 135696k/135696k available, 5616k reserved, 0K highmem
[    0.000000] Virtual kernel memory layout:
[    0.000000]     vector  : 0xffff0000 - 0xffff1000   (   4 kB)
[    0.000000]     fixmap  : 0xfff00000 - 0xfffe0000   ( 896 kB)
[    0.000000]     DMA     : 0xfe600000 - 0xfee00000   (   8 MB)
[    0.000000]     vmalloc : 0xc9000000 - 0xe0000000   ( 368 MB)
[    0.000000]     lowmem  : 0xc0000000 - 0xc8a00000   ( 138 MB)
[    0.000000]     modules : 0xbf000000 - 0xc0000000   (  16 MB)
[    0.000000]       .init : 0xc0008000 - 0xc002a000   ( 136 kB)
[    0.000000]       .text : 0xc002a000 - 0xc03dd000   (3788 kB)
[    0.000000]       .data : 0xc03de000 - 0xc040b578   ( 182 kB)
[    0.000000] Preemptable hierarchical RCU implementation.
[    0.000000]  RCU-based detection of stalled CPUs is disabled.
[    0.000000]  Verbose stalled-CPUs detection is disabled.
[    0.000000] NR_IRQS:224
[    0.000000] sched_clock: 32 bits at 60MHz, resolution 16ns, wraps every 71582ms
[    0.000000] Console: colour dummy device 80x30
[    0.000000] console [ttyS0] enabled
[    0.228080] Calibrating delay loop... 478.41 BogoMIPS (lpj=2392064)
[    0.482904] pid_max: default: 32768 minimum: 301
[    0.488121] Mount-cache hash table entries: 512
[    0.493702] CPU: Testing write buffer coherency: ok
[    0.507089] Enabling TPS3813 HW WDT
[    0.511562] NET: Registered protocol family 16
[    0.523149] Ambarella Dropcam:
[    0.526361]  chip id:    5100
[    0.529265]  board type:     4
[    0.532461]  board revision:     2
[    0.535744]  chip name:      a5m
[    0.538728]  HAL version:        176869
[    0.542329]  reference clock:    24000000
[    0.546232]  system configuration:   0x0400046a
[    0.550847]  boot type:      0x00000002
[    0.554463]  hif type:   0x00000000
[    0.561077] Initializing Crown Royal Dropcam board (revision 2)

[    0.000000] Linux version 2.6.38.8 (jenkins@dropcam-build.local) (gcc version 4.5.2 (Sourcery G++ Lite 2011.03-41) ) #21 PREEMPT Fri Jun 19 01:09:35 UTC 2015
[    0.000000] CPU: ARMv6-compatible processor [4117b365] revision 5 (ARMv6TEJ), cr=00c5387f
[    0.000000] CPU: VIPT nonaliasing data cache, VIPT nonaliasing instruction cache
[    0.000000] Machine: Coconut
[    0.000000] Memory policy: ECC disabled, Data cache writeback
[    0.000000] Ambarella: AHB   = 0x60000000[0xf0000000],0x01000000 0
[    0.000000] Ambarella: APB   = 0x70000000[0xf1000000],0x01000000 0
[    0.000000] Ambarella: PPM   = 0xc0000000[0xe0000000],0x00200000 9
[    0.000000] Ambarella: BSB   = 0xc8c00000[0xe8c00000],0x00400000 9
[    0.000000] Ambarella: DSP   = 0xc9000000[0xe9000000],0x07000000 9
[    0.000000] Ambarella: HAL   = 0xc00a0000[0xfee00000],0x0000e708 9
[    0.000000] bootmem_init: high_memory = 0xc8a00000
[    0.000000] Built 1 zonelists in Zone order, mobility grouping on.  Total pages: 35052
[    0.000000] Kernel command line: console=ttyS0 ubi.mtd=bak root=ubi0:rootfs rw rootfstype=ubifs rootflags=sync init=/linuxrc hw_rev_adc_val=266
[    0.000000] PID hash table entries: 1024 (order: 0, 4096 bytes)
[    0.000000] Dentry cache hash table entries: 32768 (order: 5, 131072 bytes)
[    0.000000] Inode-cache hash table entries: 16384 (order: 4, 65536 bytes)
[    0.000000] Memory: 138MB = 138MB total
[    0.000000] Memory: 135696k/135696k available, 5616k reserved, 0K highmem
[    0.000000] Virtual kernel memory layout:
[    0.000000]     vector  : 0xffff0000 - 0xffff1000   (   4 kB)
[    0.000000]     fixmap  : 0xfff00000 - 0xfffe0000   ( 896 kB)
[    0.000000]     DMA     : 0xfe600000 - 0xfee00000   (   8 MB)
[    0.000000]     vmalloc : 0xc9000000 - 0xe0000000   ( 368 MB)
[    0.000000]     lowmem  : 0xc0000000 - 0xc8a00000   ( 138 MB)
[    0.000000]     modules : 0xbf000000 - 0xc0000000   (  16 MB)
[    0.000000]       .init : 0xc0008000 - 0xc002a000   ( 136 kB)
[    0.000000]       .text : 0xc002a000 - 0xc03dd000   (3788 kB)
[    0.000000]       .data : 0xc03de000 - 0xc040b578   ( 182 kB)
[    0.000000] Preemptable hierarchical RCU implementation.
[    0.000000]  RCU-based detection of stalled CPUs is disabled.
[    0.000000]  Verbose stalled-CPUs detection is disabled.
[    0.000000] NR_IRQS:224
[    0.000000] sched_clock: 32 bits at 60MHz, resolution 16ns, wraps every 71582ms
[    0.000000] Console: colour dummy device 80x30
[    0.000000] console [ttyS0] enabled
[    0.228010] Calibrating delay loop... 478.41 BogoMIPS (lpj=2392064)
[    0.482915] pid_max: default: 32768 minimum: 301
[    0.488115] Mount-cache hash table entries: 512
[    0.493701] CPU: Testing write buffer coherency: ok
[    0.507109] Enabling TPS3813 HW WDT
[    0.511598] NET: Registered protocol family 16
[    0.523205] Ambarella Dropcam:
[    0.526410]  chip id:    5100
[    0.529307]  board type:     4
[    0.532497]  board revision:     2
[    0.535771]  chip name:      a5m
[    0.538764]  HAL version:        176869
[    0.542356]  reference clock:    24000000
[    0.546275]  system configuration:   0x0400046a
[    0.550884]  boot type:      0x00000002
[    0.554514]  hif type:   0x00000000
[    0.561117] Initializing Crown Royal Dropcam board (revision 2)

[    0.000000] Linux version 2.6.38.8 (jenkins@dropcam-build.local) (gcc version 4.5.2 (Sourcery G++ Lite 2011.03-41) ) #21 PREEMPT Fri Jun 19 01:09:35 UTC 2015
[    0.000000] CPU: ARMv6-compatible processor [4117b365] revision 5 (ARMv6TEJ), cr=00c5387f
[    0.000000] CPU: VIPT nonaliasing data cache, VIPT nonaliasing instruction cache
[    0.000000] Machine: Coconut
[    0.000000] Memory policy: ECC disabled, Data cache writeback
[    0.000000] Ambarella: AHB   = 0x60000000[0xf0000000],0x01000000 0
[    0.000000] Ambarella: APB   = 0x70000000[0xf1000000],0x01000000 0
[    0.000000] Ambarella: PPM   = 0xc0000000[0xe0000000],0x00200000 9
[    0.000000] Ambarella: BSB   = 0xc8c00000[0xe8c00000],0x00400000 9
[    0.000000] Ambarella: DSP   = 0xc9000000[0xe9000000],0x07000000 9
[    0.000000] Ambarella: HAL   = 0xc00a0000[0xfee00000],0x0000e708 9
[    0.000000] bootmem_init: high_memory = 0xc8a00000
[    0.000000] Built 1 zonelists in Zone order, mobility grouping on.  Total pages: 35052
[    0.000000] Kernel command line: console=ttyS0 ubi.mtd=bak root=ubi0:rootfs rw rootfstype=ubifs rootflags=sync init=/linuxrc hw_rev_adc_val=266
[    0.000000] PID hash table entries: 1024 (order: 0, 4096 bytes)
[    0.000000] Dentry cache hash table entries: 32768 (order: 5, 131072 bytes)
[    0.000000] Inode-cache hash table entries: 16384 (order: 4, 65536 bytes)
[    0.000000] Memory: 138MB = 138MB total
[    0.000000] Memory: 135696k/135696k available, 5616k reserved, 0K highmem
[    0.000000] Virtual kernel memory layout:
[    0.000000]     vector  : 0xffff0000 - 0xffff1000   (   4 kB)
[    0.000000]     fixmap  : 0xfff00000 - 0xfffe0000   ( 896 kB)
[    0.000000]     DMA     : 0xfe600000 - 0xfee00000   (   8 MB)
[    0.000000]     vmalloc : 0xc9000000 - 0xe0000000   ( 368 MB)
[    0.000000]     lowmem  : 0xc0000000 - 0xc8a00000   ( 138 MB)
[    0.000000]     modules : 0xbf000000 - 0xc0000000   (  16 MB)
[    0.000000]       .init : 0xc0008000 - 0xc002a000   ( 136 kB)
[    0.000000]       .text : 0xc002a000 - 0xc03dd000   (3788 kB)
[    0.000000]       .data : 0xc03de000 - 0xc040b578   ( 182 kB)
[    0.000000] Preemptable hierarchical RCU implementation.
[    0.000000]  RCU-based detection of stalled CPUs is disabled.
[    0.000000]  Verbose stalled-CPUs detection is disabled.
[    0.000000] NR_IRQS:224
[    0.000000] sched_clock: 32 bits at 60MHz, resolution 16ns, wraps every 71582ms
[    0.000000] Console: colour dummy device 80x30
[    0.000000] console [ttyS0] enabled
[    0.228033] Calibrating delay loop... 478.41 BogoMIPS (lpj=2392064)
[    0.482909] pid_max: default: 32768 minimum: 301
[    0.488116] Mount-cache hash table entries: 512
[    0.493719] CPU: Testing write buffer coherency: ok
[    0.507074] Enabling TPS3813 HW WDT
[    0.511548] NET: Registered protocol family 16
[    0.523119] Ambarella Dropcam:
[    0.526331]  chip id:    5100
[    0.529235]  board type:     4
[    0.532433]  board revision:     2
[    0.535712]  chip name:      a5m
[    0.538707]  HAL version:        176869
[    0.542309]  reference clock:    24000000
[    0.546228]  system configuration:   0x0400046a
[    0.550845]  boot type:      0x00000002
[    0.554474]  hif type:   0x00000000
[    0.561120] Initializing Crown Royal Dropcam board (revision 2)
[    2.617798] bio: create slab <bio-0> at 0
[    2.631317] ambarella-i2c ambarella-i2c.0: Ambarella Media Processor I2C adapter[i2c-0] probed!
[    2.642284] ambarella-i2c ambarella-i2c.1: Ambarella Media Processor I2C adapter[i2c-1] probed!
[    2.653012] i2c i2c-0: Added multiplexed i2c bus 2
[    2.658023] ambarella-i2cmux ambarella-i2cmux.0: mux on ambarella-i2c adapter
[    2.669260] Advanced Linux Sound Architecture Driver Version 1.0.23.
[    2.679600] Switching to clocksource ambarella-cs-timer
[    2.690159] Switched to NOHz mode on CPU #0
[    2.758371] ambarella-sd ambarella-sd.0: Slot0 use bounce buffer[0xc8960000<->0xc8b60000]
[    2.767286] ambarella-sd ambarella-sd.0: Slot0 req_size=0x00020000, segs=32, seg_size=0x00020000
[    2.776792] ambarella-sd ambarella-sd.0: Slot1 use bounce buffer[0xc8800000<->0xc8a00000]
[    2.785305] ambarella-sd ambarella-sd.0: Slot1 req_size=0x00020000, segs=32, seg_size=0x00020000
[    2.835543] ambarella-sd ambarella-sd.0: Ambarella SD/MMC[0] has 2 slots @ 25263157Hz, [0x09e130b0:0x00000000]
[    2.846896] NET: Registered protocol family 2
[    2.851819] IP route cache hash table entries: 2048 (order: 1, 8192 bytes)
[    2.860180] TCP established hash table entries: 8192 (order: 4, 65536 bytes)
[    2.868010] TCP bind hash table entries: 8192 (order: 3, 32768 bytes)
[    2.874909] TCP: Hash tables configured (established 8192 bind 8192)
[    2.881633] TCP reno registered
[    2.884933] UDP hash table entries: 256 (order: 0, 4096 bytes)
[    2.891119] UDP-Lite hash table entries: 256 (order: 0, 4096 bytes)
[    2.898323] NET: Registered protocol family 1
[    2.917479] squashfs: version 4.0 (2009/01/31) Phillip Lougher
[    2.923727] JFFS2 version 2.2. (NAND) Â© 2001-2006 Red Hat, Inc.
[    2.931715] msgmni has been set to 265
[    2.940801] io scheduler noop registered
[    2.944899] io scheduler deadline registered
[    2.949756] io scheduler cfq registered (default)
[    2.956768] ambarella-uart.0: ttyS0 at MMIO 0x70005000 (irq = 9) is a ambuart
[    2.995542] ambarella-uart.1: ttyS1 at MMIO 0x7001f000 (irq = 25) is a ambuart
[    3.038981] brd: module loaded
[    3.058435] loop: module loaded
[    3.065259] NAND device: Manufacturer ID: 0xec, Chip ID: 0xf1 (Samsung NAND 128MiB 3,3V 8-bit)
[    3.074637] ambarella_nand_config_flash: 0x02e00140, 0x02c00140
[    3.082590] ambarella-nand ambarella-nand: ambarella_nand_probe: Partition infomation found!
[    3.091558] Creating 10 MTD partitions on "ambnand":
[    3.096845] 0x000000000000-0x000000020000 : "bst"
[    3.106100] 0x000000020000-0x000000520000 : "ptb"
[    3.115125] 0x000000520000-0x000000a20000 : "bld"
[    3.124425] 0x000000a20000-0x000000f20000 : "hal"
[    3.133791] 0x000000f20000-0x000001520000 : "pri"
[    3.143328] 0x000001520000-0x000001b20000 : "sec"
[    3.152824] 0x000001b20000-0x000004920000 : "bak"
[    3.162402] 0x000004920000-0x000004c20000 : "dsp"
[    3.171740] 0x000004c20000-0x000007a20000 : "lnx"
[    3.181221] 0x000007a20000-0x000007d20000 : "adc"
[    3.192817] UBI: attaching mtd6 to ubi0
[    3.197133] UBI: physical eraseblock size:   131072 bytes (128 KiB)
[    3.203652] UBI: logical eraseblock size:    126976 bytes
[    3.209449] UBI: smallest flash I/O unit:    2048
[    3.214346] UBI: VID header offset:          2048 (aligned 2048)
[    3.220700] UBI: data offset:                4096
[    3.465338] UBI: max. sequence number:       309
[    3.482013] UBI: attached mtd6 to ubi0
[    3.486045] UBI: MTD device name:            "bak"
[    3.491038] UBI: MTD device size:            46 MiB
[    3.496242] UBI: number of good PEBs:        367
[    3.501046] UBI: number of bad PEBs:         1
[    3.505747] UBI: number of corrupted PEBs:   0
[    3.510370] UBI: max. allowed volumes:       128
[    3.515161] UBI: wear-leveling threshold:    4096
[    3.520119] UBI: number of internal volumes: 1
[    3.524740] UBI: number of user volumes:     1
[    3.529417] UBI: available PEBs:             0
[    3.534039] UBI: total number of reserved PEBs: 367
[    3.539160] UBI: number of PEBs reserved for bad PEB handling: 3
[    3.545468] UBI: max/mean erase counter: 3/1
[    3.549908] UBI: image sequence number:  626537469
[    3.554922] UBI: background thread "ubi_bgt0d" started, PID 644
[    3.561390] console [netcon0] enabled
[    3.565213] netconsole: network logging started
[    3.571720] mousedev: PS/2 mouse device common for all mice
[    3.581162] using rtc device, ambarella-rtc, for alarms
[    3.586780] ambarella-rtc ambarella-rtc: rtc core: registered ambarella-rtc as rtc0
[    3.597341] ambarella-wdt ambarella-wdt: Ambarella Media Processor Watch Dog Timer[ambarella-wdt].
[    3.615282] ALSA device list:
[    3.618673]   No soundcards found.
[    3.622235] oprofile: hardware counters not available
[    3.627727] oprofile: using timer interrupt.
[    3.632460] TCP cubic registered
[    3.635985] NET: Registered protocol family 17
[    3.644904] ambarella-rtc ambarella-rtc: setting system clock to 2004-01-10 13:46:45 UTC (1073742405)
[    3.656596] UBIFS: parse sync
[    3.694136] UBIFS: recovery needed
[    3.816316] UBIFS: recovery completed
[    3.820370] UBIFS: mounted UBI device 0, volume 0, name "rootfs"
[    3.826860] UBIFS: file system size:   44314624 bytes (43276 KiB, 42 MiB, 349 LEBs)
[    3.834835] UBIFS: journal size:       9023488 bytes (8812 KiB, 8 MiB, 72 LEBs)
[    3.842530] UBIFS: media format:       w4/r0 (latest is w4/r0)
[    3.848673] UBIFS: default compressor: lzo
[    3.852951] UBIFS: reserved for root:  0 bytes (0 KiB)
[    3.859344] VFS: Mounted root (ubifs filesystem) on device 0:13.
[    3.865905] Freeing init memory: 136K

[    0.000000] Linux version 2.6.38.8 (jenkins@dropcam-build.local) (gcc version 4.5.2 (Sourcery G++ Lite 2011.03-41) ) #21 PREEMPT Fri Jun 19 01:09:35 UTC 2015
[    0.000000] CPU: ARMv6-compatible processor [4117b365] revision 5 (ARMv6TEJ), cr=00c5387f
[    0.000000] CPU: VIPT nonaliasing data cache, VIPT nonaliasing instruction cache
[    0.000000] Machine: Coconut
[    0.000000] Memory policy: ECC disabled, Data cache writeback
[    0.000000] Ambarella: AHB   = 0x60000000[0xf0000000],0x01000000 0
[    0.000000] Ambarella: APB   = 0x70000000[0xf1000000],0x01000000 0
[    0.000000] Ambarella: PPM   = 0xc0000000[0xe0000000],0x00200000 9
[    0.000000] Ambarella: BSB   = 0xc8c00000[0xe8c00000],0x00400000 9
[    0.000000] Ambarella: DSP   = 0xc9000000[0xe9000000],0x07000000 9
[    0.000000] Ambarella: HAL   = 0xc00a0000[0xfee00000],0x0000e708 9
[    0.000000] bootmem_init: high_memory = 0xc8a00000
[    0.000000] Built 1 zonelists in Zone order, mobility grouping on.  Total pages: 35052
[    0.000000] Kernel command line: console=ttyS0 ubi.mtd=bak root=ubi0:rootfs rw rootfstype=ubifs rootflags=sync init=/linuxrc hw_rev_adc_val=266
[    0.000000] PID hash table entries: 1024 (order: 0, 4096 bytes)
[    0.000000] Dentry cache hash table entries: 32768 (order: 5, 131072 bytes)
[    0.000000] Inode-cache hash table entries: 16384 (order: 4, 65536 bytes)
[    0.000000] Memory: 138MB = 138MB total
[    0.000000] Memory: 135696k/135696k available, 5616k reserved, 0K highmem
[    0.000000] Virtual kernel memory layout:
[    0.000000]     vector  : 0xffff0000 - 0xffff1000   (   4 kB)
[    0.000000]     fixmap  : 0xfff00000 - 0xfffe0000   ( 896 kB)
[    0.000000]     DMA     : 0xfe600000 - 0xfee00000   (   8 MB)
[    0.000000]     vmalloc : 0xc9000000 - 0xe0000000   ( 368 MB)
[    0.000000]     lowmem  : 0xc0000000 - 0xc8a00000   ( 138 MB)
[    0.000000]     modules : 0xbf000000 - 0xc0000000   (  16 MB)
[    0.000000]       .init : 0xc0008000 - 0xc002a000   ( 136 kB)
[    0.000000]       .text : 0xc002a000 - 0xc03dd000   (3788 kB)
[    0.000000]       .data : 0xc03de000 - 0xc040b578   ( 182 kB)
[    0.000000] Preemptable hierarchical RCU implementation.
[    0.000000]  RCU-based detection of stalled CPUs is disabled.
[    0.000000]  Verbose stalled-CPUs detection is disabled.
[    0.000000] NR_IRQS:224
[    0.000000] sched_clock: 32 bits at 60MHz, resolution 16ns, wraps every 71582ms
[    0.000000] Console: colour dummy device 80x30
[    0.000000] console [ttyS0] enabled
[    0.228085] Calibrating delay loop... 478.41 BogoMIPS (lpj=2392064)
[    0.482902] pid_max: default: 32768 minimum: 301
[    0.488129] Mount-cache hash table entries: 512
[    0.493723] CPU: Testing write buffer coherency: ok
[    0.507107] Enabling TPS3813 HW WDT
[    0.511582] NET: Registered protocol family 16
[    0.523184] Ambarella Dropcam:
[    0.526391]  chip id:    5100
[    0.529296]  board type:     4
[    0.532495]  board revision:     2
[    0.535767]  chip name:      a5m
[    0.538770]  HAL version:        176869
[    0.542370]  reference clock:    24000000
[    0.546280]  system configuration:   0x0400046a
[    0.550892]  boot type:      0x00000002
[    0.554529]  hif type:   0x00000000
[    0.561140] Initializing Crown Royal Dropcam board (revision 2)


[    0.000000] Linux version 2.6.38.8 (jenkins@dropcam-build.local) (gcc version 4.5.2 (Sourcery G++ Lite 2011.03-41) ) #21 PREEMPT Fri Jun 19 01:09:35 UTC 2015
[    0.000000] CPU: ARMv6-compatible processor [4117b365] revision 5 (ARMv6TEJ), cr=00c5387f
[    0.000000] CPU: VIPT nonaliasing data cache, VIPT nonaliasing instruction cache
[    0.000000] Machine: Coconut
[    0.000000] Memory policy: ECC disabled, Data cache writeback
[    0.000000] Ambarella: AHB   = 0x60000000[0xf0000000],0x01000000 0
[    0.000000] Ambarella: APB   = 0x70000000[0xf1000000],0x01000000 0
[    0.000000] Ambarella: PPM   = 0xc0000000[0xe0000000],0x00200000 9
[    0.000000] Ambarella: BSB   = 0xc8c00000[0xe8c00000],0x00400000 9
[    0.000000] Ambarella: DSP   = 0xc9000000[0xe9000000],0x07000000 9
[    0.000000] Ambarella: HAL   = 0xc00a0000[0xfee00000],0x0000e708 9
[    0.000000] bootmem_init: high_memory = 0xc8a00000
[    0.000000] Built 1 zonelists in Zone order, mobility grouping on.  Total pages: 35052
[    0.000000] Kernel command line: console=ttyS0 ubi.mtd=bak root=ubi0:rootfs rw rootfstype=ubifs rootflags=sync init=/linuxrc hw_rev_adc_val=266
[    0.000000] PID hash table entries: 1024 (order: 0, 4096 bytes)
[    0.000000] Dentry cache hash table entries: 32768 (order: 5, 131072 bytes)
[    0.000000] Inode-cache hash table entries: 16384 (order: 4, 65536 bytes)
[    0.000000] Memory: 138MB = 138MB total
[    0.000000] Memory: 135696k/135696k available, 5616k reserved, 0K highmem
[    0.000000] Virtual kernel memory layout:
[    0.000000]     vector  : 0xffff0000 - 0xffff1000   (   4 kB)
[    0.000000]     fixmap  : 0xfff00000 - 0xfffe0000   ( 896 kB)
[    0.000000]     DMA     : 0xfe600000 - 0xfee00000   (   8 MB)
[    0.000000]     vmalloc : 0xc9000000 - 0xe0000000   ( 368 MB)
[    0.000000]     lowmem  : 0xc0000000 - 0xc8a00000   ( 138 MB)
[    0.000000]     modules : 0xbf000000 - 0xc0000000   (  16 MB)
[    0.000000]       .init : 0xc0008000 - 0xc002a000   ( 136 kB)
[    0.000000]       .text : 0xc002a000 - 0xc03dd000   (3788 kB)
[    0.000000]       .data : 0xc03de000 - 0xc040b578   ( 182 kB)
[    0.000000] Preemptable hierarchical RCU implementation.
[    0.000000]  RCU-based detection of stalled CPUs is disabled.
[    0.000000]  Verbose stalled-CPUs detection is disabled.
[    0.000000] NR_IRQS:224
[    0.000000] sched_clock: 32 bits at 60MHz, resolution 16ns, wraps every 71582ms
[    0.000000] Console: colour dummy device 80x30
[    0.000000] console [ttyS0] enabled
[    0.227998] Calibrating delay loop... 478.41 BogoMIPS (lpj=2392064)
[    0.482904] pid_max: default: 32768 minimum: 301
[    0.488118] Mount-cache hash table entries: 512
[    0.493713] CPU: Testing write buffer coherency: ok
[    0.507100] Enabling TPS3813 HW WDT
[    0.511579] NET: Registered protocol family 16
[    0.523152] Ambarella Dropcam:
[    0.526356]  chip id:    5100
[    0.529251]  board type:     4
[    0.532437]  board revision:     2
[    0.535714]  chip name:      a5m
[    0.538709]  HAL version:        176869
[    0.542304]  reference clock:    24000000
[    0.546212]  system configuration:   0x0400046a
[    0.550827]  boot type:      0x00000002
[    0.554449]  hif type:   0x00000000
[    0.561050] Initializing Crown Royal Dropcam board (revision 2)
[    2.617311] bio: create slab <bio-0> at 0
[    2.630884] ambarella-i2c ambarella-i2c.0: Ambarella Media Processor I2C adapter[i2c-0] probed!
[    2.641856] ambarella-i2c ambarella-i2c.1: Ambarella Media Processor I2C adapter[i2c-1] probed!
[    2.652577] i2c i2c-0: Added multiplexed i2c bus 2
[    2.657581] ambarella-i2cmux ambarella-i2cmux.0: mux on ambarella-i2c adapter
[    2.668830] Advanced Linux Sound Architecture Driver Version 1.0.23.
[    2.679167] Switching to clocksource ambarella-cs-timer
[    2.690155] Switched to NOHz mode on CPU #0
[    2.757868] ambarella-sd ambarella-sd.0: Slot0 use bounce buffer[0xc8960000<->0xc8b60000]
[    2.766770] ambarella-sd ambarella-sd.0: Slot0 req_size=0x00020000, segs=32, seg_size=0x00020000
[    2.776297] ambarella-sd ambarella-sd.0: Slot1 use bounce buffer[0xc8800000<->0xc8a00000]
[    2.784825] ambarella-sd ambarella-sd.0: Slot1 req_size=0x00020000, segs=32, seg_size=0x00020000
[    2.835096] ambarella-sd ambarella-sd.0: Ambarella SD/MMC[0] has 2 slots @ 25263157Hz, [0x09e130b0:0x00000000]
[    2.846475] NET: Registered protocol family 2
[    2.851395] IP route cache hash table entries: 2048 (order: 1, 8192 bytes)
[    2.859742] TCP established hash table entries: 8192 (order: 4, 65536 bytes)
[    2.867550] TCP bind hash table entries: 8192 (order: 3, 32768 bytes)
[    2.874443] TCP: Hash tables configured (established 8192 bind 8192)
[    2.881153] TCP reno registered
[    2.884456] UDP hash table entries: 256 (order: 0, 4096 bytes)
[    2.890633] UDP-Lite hash table entries: 256 (order: 0, 4096 bytes)
[    2.897836] NET: Registered protocol family 1
[    2.917028] squashfs: version 4.0 (2009/01/31) Phillip Lougher
[    2.923276] JFFS2 version 2.2. (NAND) Â© 2001-2006 Red Hat, Inc.
[    2.931258] msgmni has been set to 265
[    2.940364] io scheduler noop registered
[    2.944462] io scheduler deadline registered
[    2.949304] io scheduler cfq registered (default)
[    2.956316] ambarella-uart.0: ttyS0 at MMIO 0x70005000 (irq = 9) is a ambuart
[    2.995087] ambarella-uart.1: ttyS1 at MMIO 0x7001f000 (irq = 25) is a ambuart
[    3.038533] brd: module loaded
[    3.058008] loop: module loaded
[    3.064843] NAND device: Manufacturer ID: 0xec, Chip ID: 0xf1 (Samsung NAND 128MiB 3,3V 8-bit)
[    3.074224] ambarella_nand_config_flash: 0x02e00140, 0x02c00140
[    3.082192] ambarella-nand ambarella-nand: ambarella_nand_probe: Partition infomation found!
[    3.091133] Creating 10 MTD partitions on "ambnand":
[    3.096418] 0x000000000000-0x000000020000 : "bst"
[    3.105673] 0x000000020000-0x000000520000 : "ptb"
[    3.114720] 0x000000520000-0x000000a20000 : "bld"
[    3.124033] 0x000000a20000-0x000000f20000 : "hal"
[    3.133418] 0x000000f20000-0x000001520000 : "pri"
[    3.142946] 0x000001520000-0x000001b20000 : "sec"
[    3.152418] 0x000001b20000-0x000004920000 : "bak"
[    3.161986] 0x000004920000-0x000004c20000 : "dsp"
[    3.171295] 0x000004c20000-0x000007a20000 : "lnx"
[    3.180740] 0x000007a20000-0x000007d20000 : "adc"
[    3.192357] UBI: attaching mtd6 to ubi0
[    3.196676] UBI: physical eraseblock size:   131072 bytes (128 KiB)
[    3.203202] UBI: logical eraseblock size:    126976 bytes
[    3.209012] UBI: smallest flash I/O unit:    2048
[    3.213919] UBI: VID header offset:          2048 (aligned 2048)
[    3.220270] UBI: data offset:                4096
[    3.464888] UBI: max. sequence number:       310
[    3.481575] UBI: attached mtd6 to ubi0
[    3.485618] UBI: MTD device name:            "bak"
[    3.490625] UBI: MTD device size:            46 MiB
[    3.495821] UBI: number of good PEBs:        367
[    3.500625] UBI: number of bad PEBs:         1
[    3.505323] UBI: number of corrupted PEBs:   0
[    3.509949] UBI: max. allowed volumes:       128
[    3.514756] UBI: wear-leveling threshold:    4096
[    3.519722] UBI: number of internal volumes: 1
[    3.524353] UBI: number of user volumes:     1
[    3.529035] UBI: available PEBs:             0
[    3.533670] UBI: total number of reserved PEBs: 367
[    3.538783] UBI: number of PEBs reserved for bad PEB handling: 3
[    3.545083] UBI: max/mean erase counter: 3/1
[    3.549532] UBI: image sequence number:  626537469
[    3.554543] UBI: background thread "ubi_bgt0d" started, PID 644
[    3.561011] console [netcon0] enabled
[    3.564835] netconsole: network logging started
[    3.571354] mousedev: PS/2 mouse device common for all mice
[    3.580807] using rtc device, ambarella-rtc, for alarms
[    3.586433] ambarella-rtc ambarella-rtc: rtc core: registered ambarella-rtc as rtc0
[    3.597000] ambarella-wdt ambarella-wdt: Ambarella Media Processor Watch Dog Timer[ambarella-wdt].
[    3.615107] ALSA device list:
[    3.618215]   No soundcards found.
[    3.621754] oprofile: hardware counters not available
[    3.627352] oprofile: using timer interrupt.
[    3.632080] TCP cubic registered
[    3.635589] NET: Registered protocol family 17
[    3.644495] ambarella-rtc ambarella-rtc: setting system clock to 2004-01-10 13:47:37 UTC (1073742457)
[    3.656231] UBIFS: parse sync
[    3.693781] UBIFS: recovery needed
[    3.731512] UBIFS: recovery completed
[    3.735666] UBIFS: mounted UBI device 0, volume 0, name "rootfs"
[    3.742034] UBIFS: file system size:   44314624 bytes (43276 KiB, 42 MiB, 349 LEBs)
[    3.750118] UBIFS: journal size:       9023488 bytes (8812 KiB, 8 MiB, 72 LEBs)
[    3.757791] UBIFS: media format:       w4/r0 (latest is w4/r0)
[    3.763850] UBIFS: default compressor: lzo
[    3.768172] UBIFS: reserved for root:  0 bytes (0 KiB)
[    3.775676] VFS: Mounted root (ubifs filesystem) on device 0:13.
[    3.782122] Freeing init memory: 136K
[    4.592130] UBI: attaching mtd9 to ubi1
[    4.596284] UBI: physical eraseblock size:   131072 bytes (128 KiB)
[    4.602782] UBI: logical eraseblock size:    126976 bytes
[    4.608478] UBI: smallest flash I/O unit:    2048
[    4.613376] UBI: VID header offset:          2048 (aligned 2048)
[    4.619694] UBI: data offset:                4096
[    4.632894] UBI: max. sequence number:       0
[    4.637640] UBI error: ubi_read_volume_table: the layout volume was not found
ubiattach: error!: cannot attach mtd9
           error 22 (Invalid argument)
umount: can't umount /mnt/dropcam: Invalid argument
mount: mounting ubi1_0 on /mnt/dropcam/ failed: No such device
[    4.736732] CLEANMARKER node found at 0x00000000 has totlen 0xc != normal 0x0
[    4.780238] Empty flash at 0x00000114 ends at 0x00000800
rm: can't remove '/root/*.pid': No such file or directory
rm: can't remove '/root/*.log': No such file or directory
Populating dropcam using udev: Done
[    5.548971] Loading modules backported from Linux version v3.14-0-g455c6fd
[    5.556472] Backport generated by backports.git v3.14-1-0-g369d49a
[    6.384284] cfg80211: Calling CRDA to update world regulatory domain
[    6.405295] cfg80211: World regulatory domain updated:
[    6.445103] cfg80211:     (start_freq - end_freq @ bandwidth), (max_antenna_gain, max_eirp)
[    6.464852] cfg80211:     (2402000 KHz - 2472000 KHz @ 40000 KHz), (300 mBi, 2000 mBm)
[    6.473329] cfg80211:     (2457000 KHz - 2482000 KHz @ 20000 KHz), (300 mBi, 2000 mBm)
[    6.481749] cfg80211:     (2474000 KHz - 2494000 KHz @ 20000 KHz), (300 mBi, 2000 mBm)
[    6.490733] cfg80211:     (5140000 KHz - 5360000 KHz @ 40000 KHz), (N/A, 3000 mBm)
[    6.498813] cfg80211:     (5460000 KHz - 5860000 KHz @ 40000 KHz), (N/A, 3000 mBm)
[    6.865770] Switching to clocksource jiffies
[    6.865770] Switching to clocksource ambarella-cs-timer
[    6.379713] i2c /dev entries driver
[    6.462301] cfg80211: World regulatory domain updated:
[    6.467582] cfg80211:     (start_freq - end_freq @ bandwidth), (max_antenna_gain, max_eirp)
[    6.476350] cfg80211:     (2402000 KHz - 2472000 KHz @ 40000 KHz), (300 mBi, 2000 mBm)
[    6.484692] cfg80211:     (2457000 KHz - 2482000 KHz @ 40000 KHz), (300 mBi, 2000 mBm)
[    6.493024] cfg80211:     (2474000 KHz - 2494000 KHz @ 20000 KHz), (300 mBi, 2000 mBm)
[    6.501308] cfg80211:     (5170000 KHz - 5250000 KHz @ 40000 KHz), (300 mBi, 2000 mBm)
[    6.510121] cfg80211:     (5735000 KHz - 5835000 KHz @ 40000 KHz), (300 mBi, 2000 mBm)
[    6.686026] wm8974_amb.c :: __init wm8974_modinit(void)
[    6.691510]
[    6.691531] wm8974 i2c add +
[    6.699888]
[    6.699914] wm8974 i2c add -
[    6.704503]
[    6.704524] wm8974 init done
[    6.750005] wm8974 audio codec is provided by amba Wu Dongge
[    6.783371] asoc: wm8974-hifi <-> ambarella-i2s.0 mapping ok
[    6.898062] input: AmbInput as /devices/virtual/input/input0
[    6.911474] ambarella_gpio_irq_set_wake: irq[99] = girq[35] = 1
[    6.930949] ambarella-input ambarella-input: AmbInput probed!
[    7.055037] ambarella_udc: version 2 August 2011
[    7.143816] ambarella-crypto ambarella-crypto: Ambarella Media Processor Cryptography Engine probed(polling mode).
Initializing random number generator... [    7.330473] mmc1: queuing unknown CIS tuple 0x01 (3 bytes)
[    7.362131] mmc1: queuing unknown CIS tuple 0x1a (5 bytes)
[    7.381903] mmc1: queuing unknown CIS tuple 0x1b (8 bytes)
[    7.403361] mmc1: queuing unknown CIS tuple 0x14 (0 bytes)
[    7.425320] mmc1:attach sdio array 1
[    7.443309] mmc1: queuing unknown CIS tuple 0x80 (1 bytes)
[    7.452704] mmc1: queuing unknown CIS tuple 0x81 (1 bytes)
[    7.469714] mmc1: queuing unknown CIS tuple 0x82 (1 bytes)
[    7.481656] mmc1: new high speed SDIO card at address 0001
done.
Starting system message bus: [    7.724964] MAC from EEPROM 00:03:7F:05:81:91
[    7.784424] Soft MAC 30:8C:FB:91:FF:5E
[    7.826027] ath6kl: temporary war to avoid sdio crc error
[    8.435421] ath6kl: ar6003 hw 2.1.1 sdio fw 3.4.0.225.SMARTPHONE api 4
[    8.453572] ath6kl: Current ath6kl driver version is: 3.4.0.225
done

            .:^:.
        .o0WMMMMMNOc.               lk,
       dWMMMMNXNMMMMWl             .NMc
      dMMMMd.   .kMMMMl     .oOXNX0kWMc cX0xXNo .oOXNX0d'  .0XxxKNNKx;     :kKNNKx. .lOXNNKx,   :XXxKNXOldKNNKd.
      KMMMO       KMMM0    lWNd;',lXMMc oMMo'..dWNo,',oXWx .WMWk;',c0M0. .KMO:'':; ;NWx;',cKMK. lMMx'.oWMX;.'0MO
      OMMMW;     cWMMMx   .MM:     .WMc oMX   'MM,     'WM;.WMd      XMo kM0       KMx     .WMd lMM'  .XMo   cMX
      .0MMMM0..cKMMMMk     0M0'   .dMMc oMX   .XMk'   .xMX..WMK;   .lWW, cWW:      dMX,   .oMMd lMM'  .XMo   cMX
        :XM0:dNMMMMO;       oNMNKXMNWMc oMX    .dNMNKXMNx. .WMWMNKXMWO'   ;0WWKKWN, cKMNKXWWWMd lMM'  .XMo   cMK
          ;.0MMMMO,           .;:;. ';. .;.       .;:;.    .WMo.,:;'.       .,::,.    .;:;'..;. .;;    ,;.   .;.
            'ONx'                                          .WM:
                                                            ..
Ambarella login: Successfully initialized wpa_supplicant
rfkill: Cannot open RFKILL control device
rm: can't remove '/usr/bin/connect_unverified': [    9.457902] ambarella-wdt ambarella-wdt: Not stopping watchdog, V first!
No such file or directory
[   13.317433] ambarella_udc: version 2 August 2011
[   13.373577] g_mass_storage gadget: Mass Storage Function, version: 2009/09/11
[   13.389675] g_mass_storage gadget: Number of LUNs=1
[   13.395970]  lun0: LUN: removable file: /tmp/setup.img
[   13.402578] g_mass_storage gadget: Nest Cam Setup, version: 2015/02/12
[   13.409312] g_mass_storage gadget: userspace failed to provide iSerialNumber
[   13.418559] g_mass_storage gadget: g_mass_storage ready
[   13.827081] Bluetooth: Core ver 2.18
[   13.835657] NET: Registered protocol family 31
[   13.840235] Bluetooth: HCI device and connection manager initialized
[   13.848804] Bluetooth: HCI socket layer initialized
[   13.855116] Bluetooth: L2CAP socket layer initialized
[   13.860491] Bluetooth: SCO socket layer initialized
[   13.980523] vout: module license 'Proprietary' taints kernel.
[   13.987741] Disabling lock debugging due to kernel taint
[   14.043201] Vout notice: vout0:0 probed!
[   14.047486] Vout notice: vout1:1 probed!
[   14.114022] Vin info: amba_vin_vsync_bind to idsp with 0ns delay!
[   14.120379] Vin notice: vin0:0 probed!
[   14.264122] img: aaa_fifo2_base malloc c78e0000
[   14.696828] >>>>>> DSP LOG ADDR START PHY 0xc0080000
[   15.271500] MT9T002 sensor ID is 0x2604
[   15.276716] Vin info: OTPM version:5
[   16.350045] UBI: attaching mtd8 to ubi2
[   16.355307] UBI: physical eraseblock size:   131072 bytes (128 KiB)
[   16.363541] UBI: logical eraseblock size:    126976 bytes
[   16.369224] UBI: smallest flash I/O unit:    2048
[   16.376762] UBI: VID header offset:          2048 (aligned 2048)
[   16.384204] UBI: data offset:                4096
[   16.623041] UBI: max. sequence number:       250
[   16.647528] UBI: attached mtd8 to ubi2
[   16.660136] UBI: MTD device name:            "lnx"
[   16.667256] UBI: MTD device size:            46 MiB
[   16.674277] UBI: number of good PEBs:        368
[   16.679135] UBI: number of bad PEBs:         0
[   16.686226] UBI: number of corrupted PEBs:   0
[   16.692737] UBI: max. allowed volumes:       128
[   16.697590] UBI: wear-leveling threshold:    4096
[   16.710938] UBI: number of internal volumes: 1
[   16.724841] UBI: number of user volumes:     2
[   16.729431] UBI: available PEBs:             0
[   16.736050] UBI: total number of reserved PEBs: 368
[   16.742324] UBI: number of PEBs reserved for bad PEB handling: 3
[   16.748531] UBI: max/mean erase counter: 6/2
[   16.754951] UBI: image sequence number:  2056765348
[   16.760052] UBI: background thread "ubi_bgt2d" started, PID 854
[   16.845110] UBIFS: recovery needed
[   16.873428] UBIFS: recovery completed
[   16.877432] UBIFS: mounted UBI device 2, volume 1, name "backup"
[   16.885782] UBIFS: file system size:   7872512 bytes (7688 KiB, 7 MiB, 62 LEBs)
[   16.894539] UBIFS: journal size:       1015809 bytes (992 KiB, 0 MiB, 6 LEBs)
[   16.903122] UBIFS: media format:       w4/r0 (latest is w4/r0)
[   16.909146] UBIFS: default compressor: lzo
[   16.915393] UBIFS: reserved for root:  371837 bytes (363 KiB)
[   20.139018] Bluetooth: HCI UART driver ver 2.2
[   20.144828] Bluetooth: HCIATH3K protocol initialized

[    0.000000] Linux version 2.6.38.8 (jenkins@dropcam-build.local) (gcc version 4.5.2 (Sourcery G++ Lite 2011.03-41) ) #21 PREEMPT Fri Jun 19 01:09:35 UTC 2015
[    0.000000] CPU: ARMv6-compatible processor [4117b365] revision 5 (ARMv6TEJ), cr=00c5387f
[    0.000000] CPU: VIPT nonaliasing data cache, VIPT nonaliasing instruction cache
[    0.000000] Machine: Coconut
[    0.000000] Memory policy: ECC disabled, Data cache writeback
[    0.000000] Ambarella: AHB   = 0x60000000[0xf0000000],0x01000000 0
[    0.000000] Ambarella: APB   = 0x70000000[0xf1000000],0x01000000 0
[    0.000000] Ambarella: PPM   = 0xc0000000[0xe0000000],0x00200000 9
[    0.000000] Ambarella: BSB   = 0xc8c00000[0xe8c00000],0x00400000 9
[    0.000000] Ambarella: DSP   = 0xc9000000[0xe9000000],0x07000000 9
[    0.000000] Ambarella: HAL   = 0xc00a0000[0xfee00000],0x0000e708 9
[    0.000000] bootmem_init: high_memory = 0xc8a00000
[    0.000000] Built 1 zonelists in Zone order, mobility grouping on.  Total pages: 35052
[    0.000000] Kernel command line: console=ttyS0 ubi.mtd=bak root=ubi0:rootfs rw rootfstype=ubifs rootflags=sync init=/linuxrc hw_rev_adc_val=266
[    0.000000] PID hash table entries: 1024 (order: 0, 4096 bytes)
[    0.000000] Dentry cache hash table entries: 32768 (order: 5, 131072 bytes)
[    0.000000] Inode-cache hash table entries: 16384 (order: 4, 65536 bytes)
[    0.000000] Memory: 138MB = 138MB total
[    0.000000] Memory: 135696k/135696k available, 5616k reserved, 0K highmem
[    0.000000] Virtual kernel memory layout:
[    0.000000]     vector  : 0xffff0000 - 0xffff1000   (   4 kB)
[    0.000000]     fixmap  : 0xfff00000 - 0xfffe0000   ( 896 kB)
[    0.000000]     DMA     : 0xfe600000 - 0xfee00000   (   8 MB)
[    0.000000]     vmalloc : 0xc9000000 - 0xe0000000   ( 368 MB)
[    0.000000]     lowmem  : 0xc0000000 - 0xc8a00000   ( 138 MB)
[    0.000000]     modules : 0xbf000000 - 0xc0000000   (  16 MB)
[    0.000000]       .init : 0xc0008000 - 0xc002a000   ( 136 kB)
[    0.000000]       .text : 0xc002a000 - 0xc03dd000   (3788 kB)
[    0.000000]       .data : 0xc03de000 - 0xc040b578   ( 182 kB)
[    0.000000] Preemptable hierarchical RCU implementation.
[    0.000000]  RCU-based detection of stalled CPUs is disabled.
[    0.000000]  Verbose stalled-CPUs detection is disabled.
[    0.000000] NR_IRQS:224
[    0.000000] sched_clock: 32 bits at 60MHz, resolution 16ns, wraps every 71582ms
[    0.000000] Console: colour dummy device 80x30
[    0.000000] console [ttyS0] enabled
[    0.228010] Calibrating delay loop... 478.41 BogoMIPS (lpj=2392064)
[    0.482914] pid_max: default: 32768 minimum: 301
[    0.488131] Mount-cache hash table entries: 512
[    0.493718] CPU: Testing write buffer coherency: ok
[    0.507123] Enabling TPS3813 HW WDT
[    0.511613] NET: Registered protocol family 16
[    0.523243] Ambarella Dropcam:
[    0.526438]  chip id:    5100
[    0.529342]  board type:     4
[    0.532532]  board revision:     2
[    0.535803]  chip name:      a5m
[    0.538790]  HAL version:        176869
[    0.542389]  reference clock:    24000000
[    0.546292]  system configuration:   0x0400046a
[    0.550901]  boot type:      0x00000002
[    0.554534]  hif type:   0x00000000
[    0.561136] Initializing Crown Royal Dropcam board (revision 2)
[    2.617847] bio: create slab <bio-0> at 0
[    2.631366] ambarella-i2c ambarella-i2c.0: Ambarella Media Processor I2C adapter[i2c-0] probed!
[    2.642333] ambarella-i2c ambarella-i2c.1: Ambarella Media Processor I2C adapter[i2c-1] probed!
[    2.653073] i2c i2c-0: Added multiplexed i2c bus 2
[    2.658071] ambarella-i2cmux ambarella-i2cmux.0: mux on ambarella-i2c adapter
[    2.669305] Advanced Linux Sound Architecture Driver Version 1.0.23.
[    2.679609] Switching to clocksource ambarella-cs-timer
[    2.690160] Switched to NOHz mode on CPU #0
[    2.758424] ambarella-sd ambarella-sd.0: Slot0 use bounce buffer[0xc8960000<->0xc8b60000]
[    2.767327] ambarella-sd ambarella-sd.0: Slot0 req_size=0x00020000, segs=32, seg_size=0x00020000
[    2.776848] ambarella-sd ambarella-sd.0: Slot1 use bounce buffer[0xc8800000<->0xc8a00000]
[    2.785362] ambarella-sd ambarella-sd.0: Slot1 req_size=0x00020000, segs=32, seg_size=0x00020000
[    2.835556] ambarella-sd ambarella-sd.0: Ambarella SD/MMC[0] has 2 slots @ 25263157Hz, [0x09e130b0:0x00000000]
[    2.846923] NET: Registered protocol family 2
[    2.851871] IP route cache hash table entries: 2048 (order: 1, 8192 bytes)
[    2.860210] TCP established hash table entries: 8192 (order: 4, 65536 bytes)
[    2.868040] TCP bind hash table entries: 8192 (order: 3, 32768 bytes)
[    2.874921] TCP: Hash tables configured (established 8192 bind 8192)
[    2.881643] TCP reno registered
[    2.884949] UDP hash table entries: 256 (order: 0, 4096 bytes)
[    2.891120] UDP-Lite hash table entries: 256 (order: 0, 4096 bytes)
[    2.898326] NET: Registered protocol family 1
[    2.917479] squashfs: version 4.0 (2009/01/31) Phillip Lougher
[    2.923729] JFFS2 version 2.2. (NAND) Â© 2001-2006 Red Hat, Inc.
[    2.931713] msgmni has been set to 265
[    2.940811] io scheduler noop registered
[    2.944914] io scheduler deadline registered
[    2.949770] io scheduler cfq registered (default)
[    2.956786] ambarella-uart.0: ttyS0 at MMIO 0x70005000 (irq = 9) is a ambuart
[    2.995551] ambarella-uart.1: ttyS1 at MMIO 0x7001f000 (irq = 25) is a ambuart
[    3.038996] brd: module loaded
[    3.058488] loop: module loaded
[    3.065336] NAND device: Manufacturer ID: 0xec, Chip ID: 0xf1 (Samsung NAND 128MiB 3,3V 8-bit)
[    3.074705] ambarella_nand_config_flash: 0x02e00140, 0x02c00140
[    3.082664] ambarella-nand ambarella-nand: ambarella_nand_probe: Partition infomation found!
[    3.091621] Creating 10 MTD partitions on "ambnand":
[    3.096924] 0x000000000000-0x000000020000 : "bst"
[    3.106170] 0x000000020000-0x000000520000 : "ptb"
[    3.115210] 0x000000520000-0x000000a20000 : "bld"
[    3.124546] 0x000000a20000-0x000000f20000 : "hal"
[    3.133934] 0x000000f20000-0x000001520000 : "pri"
[    3.143475] 0x000001520000-0x000001b20000 : "sec"
[    3.152962] 0x000001b20000-0x000004920000 : "bak"
[    3.162522] 0x000004920000-0x000004c20000 : "dsp"
[    3.171860] 0x000004c20000-0x000007a20000 : "lnx"
[    3.181306] 0x000007a20000-0x000007d20000 : "adc"
[    3.192905] UBI: attaching mtd6 to ubi0
[    3.197239] UBI: physical eraseblock size:   131072 bytes (128 KiB)
[    3.203762] UBI: logical eraseblock size:    126976 bytes
[    3.209562] UBI: smallest flash I/O unit:    2048
[    3.214466] UBI: VID header offset:          2048 (aligned 2048)
[    3.220819] UBI: data offset:                4096
[    3.465766] UBI: max. sequence number:       315
[    3.482361] UBI: attached mtd6 to ubi0
[    3.486406] UBI: MTD device name:            "bak"
[    3.491400] UBI: MTD device size:            46 MiB
[    3.496603] UBI: number of good PEBs:        367
[    3.501406] UBI: number of bad PEBs:         1
[    3.506108] UBI: number of corrupted PEBs:   0
[    3.510714] UBI: max. allowed volumes:       128
[    3.515577] UBI: wear-leveling threshold:    4096
[    3.520471] UBI: number of internal volumes: 1
[    3.525079] UBI: number of user volumes:     1
[    3.529755] UBI: available PEBs:             0
[    3.534384] UBI: total number of reserved PEBs: 367
[    3.539514] UBI: number of PEBs reserved for bad PEB handling: 3
[    3.545821] UBI: max/mean erase counter: 3/1
[    3.550270] UBI: image sequence number:  626537469
[    3.555281] UBI: background thread "ubi_bgt0d" started, PID 644
[    3.561746] console [netcon0] enabled
[    3.565680] netconsole: network logging started
[    3.572079] mousedev: PS/2 mouse device common for all mice
[    3.581507] using rtc device, ambarella-rtc, for alarms
[    3.587119] ambarella-rtc ambarella-rtc: rtc core: registered ambarella-rtc as rtc0
[    3.597685] ambarella-wdt ambarella-wdt: Ambarella Media Processor Watch Dog Timer[ambarella-wdt].
[    3.615802] ALSA device list:
[    3.618918]   No soundcards found.
[    3.622460] oprofile: hardware counters not available
[    3.628065] oprofile: using timer interrupt.
[    3.632804] TCP cubic registered
[    3.636348] NET: Registered protocol family 17
[    3.645258] ambarella-rtc ambarella-rtc: setting system clock to 2004-01-10 13:48:30 UTC (1073742510)
[    3.657002] UBIFS: parse sync
[    3.694464] UBIFS: recovery needed
[    3.821909] UBIFS: recovery completed
[    3.826065] UBIFS: mounted UBI device 0, volume 0, name "rootfs"
[    3.832440] UBIFS: file system size:   44314624 bytes (43276 KiB, 42 MiB, 349 LEBs)
[    3.840517] UBIFS: journal size:       9023488 bytes (8812 KiB, 8 MiB, 72 LEBs)
[    3.848197] UBIFS: media format:       w4/r0 (latest is w4/r0)
[    3.854263] UBIFS: default compressor: lzo
[    3.858593] UBIFS: reserved for root:  0 bytes (0 KiB)
[    3.864920] VFS: Mounted root (ubifs filesystem) on device 0:13.
[    3.871477] Freeing init memory: 136K
[    4.676977] UBI: attaching mtd9 to ubi1
[    4.680996] UBI: physical eraseblock size:   131072 bytes (128 KiB)
[    4.687632] UBI: logical eraseblock size:    126976 bytes
[    4.693248] UBI: smallest flash I/O unit:    2048
[    4.698223] UBI: VID header offset:          2048 (aligned 2048)
[    4.704468] UBI: data offset:                4096
[    4.717761] UBI: max. sequence number:       0
[    4.722410] UBI error: ubi_read_volume_table: the layout volume was not found
ubiattach: error!: cannot attach mtd9
           error 22 (Invalid argument)
umount: can't umount /mnt/dropcam: Invalid argument
mount: mounting ubi1_0 on /mnt/dropcam/ failed: No such device
[    4.820878] CLEANMARKER node found at 0x00000000 has totlen 0xc != normal 0x0
[    4.863423] Empty flash at 0x00000114 ends at 0x00000800
rm: can't remove '/root/*.pid': No such file or directory
rm: can't remove '/root/*.log': No such file or directory
Populating dropcam using udev: Done

[    0.000000] Linux version 2.6.38.8 (jenkins@dropcam-build.local) (gcc version 4.5.2 (Sourcery G++ Lite 2011.03-41) ) #21 PREEMPT Fri Jun 19 01:09:35 UTC 2015
[    0.000000] CPU: ARMv6-compatible processor [4117b365] revision 5 (ARMv6TEJ), cr=00c5387f
[    0.000000] CPU: VIPT nonaliasing data cache, VIPT nonaliasing instruction cache
[    0.000000] Machine: Coconut
[    0.000000] Memory policy: ECC disabled, Data cache writeback
[    0.000000] Ambarella: AHB   = 0x60000000[0xf0000000],0x01000000 0
[    0.000000] Ambarella: APB   = 0x70000000[0xf1000000],0x01000000 0
[    0.000000] Ambarella: PPM   = 0xc0000000[0xe0000000],0x00200000 9
[    0.000000] Ambarella: BSB   = 0xc8c00000[0xe8c00000],0x00400000 9
[    0.000000] Ambarella: DSP   = 0xc9000000[0xe9000000],0x07000000 9
[    0.000000] Ambarella: HAL   = 0xc00a0000[0xfee00000],0x0000e708 9
[    0.000000] bootmem_init: high_memory = 0xc8a00000
[    0.000000] Built 1 zonelists in Zone order, mobility grouping on.  Total pages: 35052
[    0.000000] Kernel command line: console=ttyS0 ubi.mtd=bak root=ubi0:rootfs rw rootfstype=ubifs rootflags=sync init=/linuxrc hw_rev_adc_val=266
[    0.000000] PID hash table entries: 1024 (order: 0, 4096 bytes)
[    0.000000] Dentry cache hash table entries: 32768 (order: 5, 131072 bytes)
[    0.000000] Inode-cache hash table entries: 16384 (order: 4, 65536 bytes)
[    0.000000] Memory: 138MB = 138MB total
[    0.000000] Memory: 135696k/135696k available, 5616k reserved, 0K highmem
[    0.000000] Virtual kernel memory layout:
[    0.000000]     vector  : 0xffff0000 - 0xffff1000   (   4 kB)
[    0.000000]     fixmap  : 0xfff00000 - 0xfffe0000   ( 896 kB)
[    0.000000]     DMA     : 0xfe600000 - 0xfee00000   (   8 MB)
[    0.000000]     vmalloc : 0xc9000000 - 0xe0000000   ( 368 MB)
[    0.000000]     lowmem  : 0xc0000000 - 0xc8a00000   ( 138 MB)
[    0.000000]     modules : 0xbf000000 - 0xc0000000   (  16 MB)
[    0.000000]       .init : 0xc0008000 - 0xc002a000   ( 136 kB)
[    0.000000]       .text : 0xc002a000 - 0xc03dd000   (3788 kB)
[    0.000000]       .data : 0xc03de000 - 0xc040b578   ( 182 kB)
[    0.000000] Preemptable hierarchical RCU implementation.
[    0.000000]  RCU-based detection of stalled CPUs is disabled.
[    0.000000]  Verbose stalled-CPUs detection is disabled.
[    0.000000] NR_IRQS:224
[    0.000000] sched_clock: 32 bits at 60MHz, resolution 16ns, wraps every 71582ms
[    0.000000] Console: colour dummy device 80x30
[    0.000000] console [ttyS0] enabled
[    0.228055] Calibrating delay loop... 478.41 BogoMIPS (lpj=2392064)
[    0.482925] pid_max: default: 32768 minimum: 301
[    0.488140] Mount-cache hash table entries: 512
[    0.493731] CPU: Testing write buffer coherency: ok
[    0.507130] Enabling TPS3813 HW WDT
[    0.511620] NET: Registered protocol family 16
[    0.523241] Ambarella Dropcam:
[    0.526440]  chip id:    5100
[    0.529337]  board type:     4
[    0.532528]  board revision:     2
[    0.535805]  chip name:      a5m
[    0.538793]  HAL version:        176869
[    0.542396]  reference clock:    24000000
[    0.546312]  system configuration:   0x0400046a
[    0.550923]  boot type:      0x00000002
[    0.554563]  hif type:   0x00000000
[    0.561182] Initializing Crown Royal Dropcam board (revision 2)
[    2.617243] bio: create slab <bio-0> at 0
[    2.630809] ambarella-i2c ambarella-i2c.0: Ambarella Media Processor I2C adapter[i2c-0] probed!
[    2.641798] ambarella-i2c ambarella-i2c.1: Ambarella Media Processor I2C adapter[i2c-1] probed!
[    2.652517] i2c i2c-0: Added multiplexed i2c bus 2
[    2.657529] ambarella-i2cmux ambarella-i2cmux.0: mux on ambarella-i2c adapter
[    2.668749] Advanced Linux Sound Architecture Driver Version 1.0.23.
[    2.679069] Switching to clocksource ambarella-cs-timer
[    2.690163] Switched to NOHz mode on CPU #0
[    2.757837] ambarella-sd ambarella-sd.0: Slot0 use bounce buffer[0xc8960000<->0xc8b60000]
[    2.766764] ambarella-sd ambarella-sd.0: Slot0 req_size=0x00020000, segs=32, seg_size=0x00020000
[    2.776284] ambarella-sd ambarella-sd.0: Slot1 use bounce buffer[0xc8800000<->0xc8a00000]
[    2.784793] ambarella-sd ambarella-sd.0: Slot1 req_size=0x00020000, segs=32, seg_size=0x00020000
[    2.834998] ambarella-sd ambarella-sd.0: Ambarella SD/MMC[0] has 2 slots @ 25263157Hz, [0x09e130b0:0x00000000]
[    2.846357] NET: Registered protocol family 2
[    2.851301] IP route cache hash table entries: 2048 (order: 1, 8192 bytes)
[    2.859661] TCP established hash table entries: 8192 (order: 4, 65536 bytes)
[    2.867462] TCP bind hash table entries: 8192 (order: 3, 32768 bytes)
[    2.874353] TCP: Hash tables configured (established 8192 bind 8192)
[    2.881063] TCP reno registered
[    2.884377] UDP hash table entries: 256 (order: 0, 4096 bytes)
[    2.890560] UDP-Lite hash table entries: 256 (order: 0, 4096 bytes)
[    2.897762] NET: Registered protocol family 1
[    2.916909] squashfs: version 4.0 (2009/01/31) Phillip Lougher
[    2.923141] JFFS2 version 2.2. (NAND) Â© 2001-2006 Red Hat, Inc.
[    2.931127] msgmni has been set to 265
[    2.940243] io scheduler noop registered
[    2.944338] io scheduler deadline registered
[    2.949198] io scheduler cfq registered (default)
[    2.956214] ambarella-uart.0: ttyS0 at MMIO 0x70005000 (irq = 9) is a ambuart
[    2.994997] ambarella-uart.1: ttyS1 at MMIO 0x7001f000 (irq = 25) is a ambuart
[    3.038435] brd: module loaded
[    3.057887] loop: module loaded
[    3.064700] NAND device: Manufacturer ID: 0xec, Chip ID: 0xf1 (Samsung NAND 128MiB 3,3V 8-bit)
[    3.074092] ambarella_nand_config_flash: 0x02e00140, 0x02c00140
[    3.082029] ambarella-nand ambarella-nand: ambarella_nand_probe: Partition infomation found!
[    3.090992] Creating 10 MTD partitions on "ambnand":
[    3.096282] 0x000000000000-0x000000020000 : "bst"
[    3.105550] 0x000000020000-0x000000520000 : "ptb"
[    3.114605] 0x000000520000-0x000000a20000 : "bld"
[    3.123929] 0x000000a20000-0x000000f20000 : "hal"
[    3.133327] 0x000000f20000-0x000001520000 : "pri"
[    3.142856] 0x000001520000-0x000001b20000 : "sec"
[    3.152356] 0x000001b20000-0x000004920000 : "bak"
[    3.161939] 0x000004920000-0x000004c20000 : "dsp"
[    3.171250] 0x000004c20000-0x000007a20000 : "lnx"
[    3.180713] 0x000007a20000-0x000007d20000 : "adc"
[    3.192338] UBI: attaching mtd6 to ubi0
[    3.196663] UBI: physical eraseblock size:   131072 bytes (128 KiB)
[    3.203173] UBI: logical eraseblock size:    126976 bytes
[    3.208972] UBI: smallest flash I/O unit:    2048
[    3.213864] UBI: VID header offset:          2048 (aligned 2048)
[    3.220227] UBI: data offset:                4096
[    3.465139] UBI: max. sequence number:       318
[    3.481768] UBI: attached mtd6 to ubi0
[    3.485821] UBI: MTD device name:            "bak"
[    3.490812] UBI: MTD device size:            46 MiB
[    3.496012] UBI: number of good PEBs:        367
[    3.500811] UBI: number of bad PEBs:         1
[    3.505500] UBI: number of corrupted PEBs:   0
[    3.510120] UBI: max. allowed volumes:       128
[    3.514989] UBI: wear-leveling threshold:    4096
[    3.519877] UBI: number of internal volumes: 1
[    3.524475] UBI: number of user volumes:     1
[    3.529154] UBI: available PEBs:             0
[    3.533788] UBI: total number of reserved PEBs: 367
[    3.538918] UBI: number of PEBs reserved for bad PEB handling: 3
[    3.545218] UBI: max/mean erase counter: 3/1
[    3.549665] UBI: image sequence number:  626537469
[    3.554687] UBI: background thread "ubi_bgt0d" started, PID 644
[    3.561155] console [netcon0] enabled
[    3.565091] netconsole: network logging started
[    3.571500] mousedev: PS/2 mouse device common for all mice
[    3.580958] using rtc device, ambarella-rtc, for alarms
[    3.586578] ambarella-rtc ambarella-rtc: rtc core: registered ambarella-rtc as rtc0
[    3.597151] ambarella-wdt ambarella-wdt: Ambarella Media Processor Watch Dog Timer[ambarella-wdt].
[    3.615248] ALSA device list:
[    3.618341]   No soundcards found.
[    3.621872] oprofile: hardware counters not available
[    3.627483] oprofile: using timer interrupt.
[    3.632228] TCP cubic registered
[    3.635760] NET: Registered protocol family 17
[    3.644661] ambarella-rtc ambarella-rtc: setting system clock to 2004-01-10 13:48:43 UTC (1073742523)
[    3.656395] UBIFS: parse sync
[    3.693723] UBIFS: recovery needed
[    3.759770] UBIFS: recovery completed
[    3.763845] UBIFS: mounted UBI device 0, volume 0, name "rootfs"
[    3.770320] UBIFS: file system size:   44314624 bytes (43276 KiB, 42 MiB, 349 LEBs)
[    3.778387] UBIFS: journal size:       9023488 bytes (8812 KiB, 8 MiB, 72 LEBs)
[    3.786066] UBIFS: media format:       w4/r0 (latest is w4/r0)
[    3.792118] UBIFS: default compressor: lzo
[    3.796444] UBIFS: reserved for root:  0 bytes (0 KiB)
[    3.803041] VFS: Mounted root (ubifs filesystem) on device 0:13.
[    3.809606] Freeing init memory: 136K
[    4.616831] UBI: attaching mtd9 to ubi1
[    4.620854] UBI: physical eraseblock size:   131072 bytes (128 KiB)
[    4.627494] UBI: logical eraseblock size:    126976 bytes
[    4.633112] UBI: smallest flash I/O unit:    2048
[    4.638089] UBI: VID header offset:          2048 (aligned 2048)
[    4.644335] UBI: data offset:                4096
[    4.657635] UBI: max. sequence number:       0
[    4.662293] UBI error: ubi_read_volume_table: the layout volume was not found
ubiattach: error!: cannot attach mtd9
           error 22 (Invalid argument)
umount: can't umount /mnt/dropcam: Invalid argument
mount: mounting ubi1_0 on /mnt/dropcam/ failed: No such device
[    4.761164] CLEANMARKER node found at 0x00000000 has totlen 0xc != normal 0x0
[    4.803749] Empty flash at 0x00000114 ends at 0x00000800
rm: can't remove '/root/*.pid': No such file or directory
rm: can't remove '/root/*.log': No such file or directory
Populating dropcam using udev:
[    0.000000] Linux version 2.6.38.8 (jenkins@dropcam-build.local) (gcc version 4.5.2 (Sourcery G++ Lite 2011.03-41) ) #21 PREEMPT Fri Jun 19 01:09:35 UTC 2015
[    0.000000] CPU: ARMv6-compatible processor [4117b365] revision 5 (ARMv6TEJ), cr=00c5387f
[    0.000000] CPU: VIPT nonaliasing data cache, VIPT nonaliasing instruction cache
[    0.000000] Machine: Coconut
[    0.000000] Memory policy: ECC disabled, Data cache writeback
[    0.000000] Ambarella: AHB   = 0x60000000[0xf0000000],0x01000000 0
[    0.000000] Ambarella: APB   = 0x70000000[0xf1000000],0x01000000 0
[    0.000000] Ambarella: PPM   = 0xc0000000[0xe0000000],0x00200000 9
[    0.000000] Ambarella: BSB   = 0xc8c00000[0xe8c00000],0x00400000 9
[    0.000000] Ambarella: DSP   = 0xc9000000[0xe9000000],0x07000000 9
[    0.000000] Ambarella: HAL   = 0xc00a0000[0xfee00000],0x0000e708 9
[    0.000000] bootmem_init: high_memory = 0xc8a00000
[    0.000000] Built 1 zonelists in Zone order, mobility grouping on.  Total pages: 35052
[    0.000000] Kernel command line: console=ttyS0 ubi.mtd=bak root=ubi0:rootfs rw rootfstype=ubifs rootflags=sync init=/linuxrc hw_rev_adc_val=266
[    0.000000] PID hash table entries: 1024 (order: 0, 4096 bytes)
[    0.000000] Dentry cache hash table entries: 32768 (order: 5, 131072 bytes)
[    0.000000] Inode-cache hash table entries: 16384 (order: 4, 65536 bytes)
[    0.000000] Memory: 138MB = 138MB total
[    0.000000] Memory: 135696k/135696k available, 5616k reserved, 0K highmem
[    0.000000] Virtual kernel memory layout:
[    0.000000]     vector  : 0xffff0000 - 0xffff1000   (   4 kB)
[    0.000000]     fixmap  : 0xfff00000 - 0xfffe0000   ( 896 kB)
[    0.000000]     DMA     : 0xfe600000 - 0xfee00000   (   8 MB)
[    0.000000]     vmalloc : 0xc9000000 - 0xe0000000   ( 368 MB)
[    0.000000]     lowmem  : 0xc0000000 - 0xc8a00000   ( 138 MB)
[    0.000000]     modules : 0xbf000000 - 0xc0000000   (  16 MB)
[    0.000000]       .init : 0xc0008000 - 0xc002a000   ( 136 kB)
[    0.000000]       .text : 0xc002a000 - 0xc03dd000   (3788 kB)
[    0.000000]       .data : 0xc03de000 - 0xc040b578   ( 182 kB)
[    0.000000] Preemptable hierarchical RCU implementation.
[    0.000000]  RCU-based detection of stalled CPUs is disabled.
[    0.000000]  Verbose stalled-CPUs detection is disabled.
[    0.000000] NR_IRQS:224
[    0.000000] sched_clock: 32 bits at 60MHz, resolution 16ns, wraps every 71582ms
[    0.000000] Console: colour dummy device 80x30
[    0.000000] console [ttyS0] enabled
[    0.228026] Calibrating delay loop... 478.41 BogoMIPS (lpj=2392064)
[    0.482922] pid_max: default: 32768 minimum: 301
[    0.488141] Mount-cache hash table entries: 512
[    0.493735] CPU: Testing write buffer coherency: ok
[    0.507121] Enabling TPS3813 HW WDT
[    0.511606] NET: Registered protocol family 16
[    0.523201] Ambarella Dropcam:
[    0.526384]  chip id:    5100
[    0.529289]  board type:     4
[    0.532481]  board revision:     2
[    0.535759]  chip name:      a5m
[    0.538744]  HAL version:        176869
[    0.542342]  reference clock:    24000000
[    0.546241]  system configuration:   0x0400046a
[    0.550848]  boot type:      0x00000002
[    0.554478]  hif type:   0x00000000
[    0.561121] Initializing Crown Royal Dropcam board (revision 2)

Get ptb failed
Get ptb failed

             ___  ___  _________                _
            / _ \ |  \/  || ___ \              | |
           / /_\ \| .  . || |_/ /  ___    ___  | |_
           |  _  || |\/| || ___ \ / _ \  / _ \ | __|
           | | | || |  | || |_/ /| (_) || (_) || |_
           \_| |_/\_|  |_/\____/  \___/  \___/  \__|
----------------------------------------------------------
Amboot(R) Ambarella(R) Copyright (C) 2004-2007
BST (176869), HAL (176869)
SYS (0400046a)
Arm freq: 480000000
iDSP freq: 120000000
Core freq: 120000000
Dram freq: 336000000
AHB freq: 120000000
APB freq: 60000000
UART freq: 24000000
SD freq: 48000000
amboot> setenv cmdline console=ttyS0 ubi.mtd=bak root=ubi0:rootfs rw rootfstype=ubifs rootfags=sync init=/bin/sh hw_rv_adc_val=266
[    0.000000] Linux version 2.6.38.8 (jenkins@dropcam-build.local) (gcc version 4.5.2 (Sourcery G++ Lite 2011.03-41) ) #21 PREEMPT Fri Jun 19 01:09:35 UTC 2015
[    0.000000] CPU: ARMv6-compatible processor [4117b365] revision 5 (ARMv6TEJ), cr=00c5387f
[    0.000000] CPU: VIPT nonaliasing data cache, VIPT nonaliasing instruction cache
[    0.000000] Machine: Coconut
[    0.000000] Memory policy: ECC disabled, Data cache writeback
[    0.000000] Ambarella: AHB   = 0x60000000[0xf0000000],0x01000000 0
[    0.000000] Ambarella: APB   = 0x70000000[0xf1000000],0x01000000 0
[    0.000000] Ambarella: PPM   = 0xc0000000[0xe0000000],0x00200000 9
[    0.000000] Ambarella: BSB   = 0xc8c00000[0xe8c00000],0x00400000 9
[    0.000000] Ambarella: DSP   = 0xc9000000[0xe9000000],0x07000000 9
[    0.000000] Ambarella: HAL   = 0xc00a0000[0xfee00000],0x0000e708 9
[    0.000000] bootmem_init: high_memory = 0xc8a00000
[    0.000000] Built 1 zonelists in Zone order, mobility grouping on.  Total pages: 35052
[    0.000000] Kernel command line: console=ttyS0 ubi.mtd=bak root=ubi0:rootfs rw rootfstype=ubifs rootflags=sync init=/linuxrc hw_rev_adc_val=260
[    0.000000] PID hash table entries: 1024 (order: 0, 4096 bytes)
[    0.000000] Dentry cache hash table entries: 32768 (order: 5, 131072 bytes)
[    0.000000] Inode-cache hash table entries: 16384 (order: 4, 65536 bytes)
[    0.000000] Memory: 138MB = 138MB total
[    0.000000] Memory: 135696k/135696k available, 5616k reserved, 0K highmem
[    0.000000] Virtual kernel memory layout:
[    0.000000]     vector  : 0xffff0000 - 0xffff1000   (   4 kB)
[    0.000000]     fixmap  : 0xfff00000 - 0xfffe0000   ( 896 kB)
[    0.000000]     DMA     : 0xfe600000 - 0xfee00000   (   8 MB)
[    0.000000]     vmalloc : 0xc9000000 - 0xe0000000   ( 368 MB)
[    0.000000]     lowmem  : 0xc0000000 - 0xc8a00000   ( 138 MB)
[    0.000000]     modules : 0xbf000000 - 0xc0000000   (  16 MB)
[    0.000000]       .init : 0xc0008000 - 0xc002a000   ( 136 kB)
[    0.000000]       .text : 0xc002a000 - 0xc03dd000   (3788 kB)
[    0.000000]       .data : 0xc03de000 - 0xc040b578   ( 182 kB)
[    0.000000] Preemptable hierarchical RCU implementation.
[    0.000000]  RCU-based detection of stalled CPUs is disabled.
[    0.000000]  Verbose stalled-CPUs detection is disabled.
[    0.000000] NR_IRQS:224
[    0.000000] sched_clock: 32 bits at 60MHz, resolution 16ns, wraps every 71582ms
[    0.000000] Console: colour dummy device 80x30
[    0.000000] console [ttyS0] enabled
[    0.228065] Calibrating delay loop... 478.41 BogoMIPS (lpj=2392064)
[    0.482911] pid_max: default: 32768 minimum: 301
[    0.488106] Mount-cache hash table entries: 512
[    0.493703] CPU: Testing write buffer coherency: ok
[    0.507108] Enabling TPS3813 HW WDT
[    0.511602] NET: Registered protocol family 16
[    0.523188] Ambarella Dropcam:
[    0.526373]  chip id:    5100
[    0.529279]  board type:     4
[    0.532478]  board revision:     2
[    0.535755]  chip name:      a5m
[    0.538751]  HAL version:        176869
[    0.542348]  reference clock:    24000000
[    0.546262]  system configuration:   0x0400046a
[    0.550871]  boot type:      0x00000002
[    0.554511]  hif type:   0x00000000
[    0.561129] Initializing Crown Royal Dropcam board (revision 2)
[    2.617256] bio: create slab <bio-0> at 0
[    2.630807] ambarella-i2c ambarella-i2c.0: Ambarella Media Processor I2C adapter[i2c-0] probed!
[    2.641771] ambarella-i2c ambarella-i2c.1: Ambarella Media Processor I2C adapter[i2c-1] probed!
[    2.652498] i2c i2c-0: Added multiplexed i2c bus 2
[    2.657486] ambarella-i2cmux ambarella-i2cmux.0: mux on ambarella-i2c adapter
[    2.668722] Advanced Linux Sound Architecture Driver Version 1.0.23.
[    2.679047] Switching to clocksource ambarella-cs-timer
[    2.690162] Switched to NOHz mode on CPU #0
[    2.757791] ambarella-sd ambarella-sd.0: Slot0 use bounce buffer[0xc8960000<->0xc8b60000]
[    2.766695] ambarella-sd ambarella-sd.0: Slot0 req_size=0x00020000, segs=32, seg_size=0x00020000
[    2.776216] ambarella-sd ambarella-sd.0: Slot1 use bounce buffer[0xc8800000<->0xc8a00000]
[    2.784733] ambarella-sd ambarella-sd.0: Slot1 req_size=0x00020000, segs=32, seg_size=0x00020000
[    2.834984] ambarella-sd ambarella-sd.0: Ambarella SD/MMC[0] has 2 slots @ 25263157Hz, [0x09e130b0:0x00000000]
[    2.846351] NET: Registered protocol family 2
[    2.851283] IP route cache hash table entries: 2048 (order: 1, 8192 bytes)
[    2.859625] TCP established hash table entries: 8192 (order: 4, 65536 bytes)
[    2.867435] TCP bind hash table entries: 8192 (order: 3, 32768 bytes)
[    2.874312] TCP: Hash tables configured (established 8192 bind 8192)
[    2.881018] TCP reno registered
[    2.884328] UDP hash table entries: 256 (order: 0, 4096 bytes)
[    2.890507] UDP-Lite hash table entries: 256 (order: 0, 4096 bytes)
[    2.897715] NET: Registered protocol family 1
[    2.916859] squashfs: version 4.0 (2009/01/31) Phillip Lougher
[    2.923108] JFFS2 version 2.2. (NAND) Â© 2001-2006 Red Hat, Inc.
[    2.931093] msgmni has been set to 265
[    2.940203] io scheduler noop registered
[    2.944301] io scheduler deadline registered
[    2.949143] io scheduler cfq registered (default)
[    2.956152] ambarella-uart.0: ttyS0 at MMIO 0x70005000 (irq = 9) is a ambuart
[    2.994980] ambarella-uart.1: ttyS1 at MMIO 0x7001f000 (irq = 25) is a ambuart
[    3.038414] brd: module loaded
[    3.057897] loop: module loaded
[    3.064721] NAND device: Manufacturer ID: 0xec, Chip ID: 0xf1 (Samsung NAND 128MiB 3,3V 8-bit)
[    3.074101] ambarella_nand_config_flash: 0x02e00140, 0x02c00140
[    3.082055] ambarella-nand ambarella-nand: ambarella_nand_probe: Partition infomation found!
[    3.091013] Creating 10 MTD partitions on "ambnand":
[    3.096303] 0x000000000000-0x000000020000 : "bst"
[    3.105572] 0x000000020000-0x000000520000 : "ptb"
[    3.114616] 0x000000520000-0x000000a20000 : "bld"
[    3.123952] 0x000000a20000-0x000000f20000 : "hal"
[    3.133362] 0x000000f20000-0x000001520000 : "pri"
[    3.142884] 0x000001520000-0x000001b20000 : "sec"
[    3.152363] 0x000001b20000-0x000004920000 : "bak"
[    3.161944] 0x000004920000-0x000004c20000 : "dsp"
[    3.171283] 0x000004c20000-0x000007a20000 : "lnx"
[    3.180739] 0x000007a20000-0x000007d20000 : "adc"
[    3.192329] UBI: attaching mtd6 to ubi0
[    3.196644] UBI: physical eraseblock size:   131072 bytes (128 KiB)
[    3.203167] UBI: logical eraseblock size:    126976 bytes
[    3.208973] UBI: smallest flash I/O unit:    2048
[    3.213878] UBI: VID header offset:          2048 (aligned 2048)
[    3.220234] UBI: data offset:                4096
[    3.465437] UBI: max. sequence number:       320
[    3.482056] UBI: attached mtd6 to ubi0
[    3.486116] UBI: MTD device name:            "bak"
[    3.491109] UBI: MTD device size:            46 MiB
[    3.496312] UBI: number of good PEBs:        367
[    3.501114] UBI: number of bad PEBs:         1
[    3.505809] UBI: number of corrupted PEBs:   0
[    3.510441] UBI: max. allowed volumes:       128
[    3.515316] UBI: wear-leveling threshold:    4096
[    3.520215] UBI: number of internal volumes: 1
[    3.524892] UBI: number of user volumes:     1
[    3.529497] UBI: available PEBs:             0
[    3.534106] UBI: total number of reserved PEBs: 367
[    3.539232] UBI: number of PEBs reserved for bad PEB handling: 3
[    3.545539] UBI: max/mean erase counter: 3/1
[    3.549980] UBI: image sequence number:  626537469
[    3.555061] UBI: background thread "ubi_bgt0d" started, PID 644
[    3.561447] console [netcon0] enabled
[    3.565379] netconsole: network logging started
[    3.571791] mousedev: PS/2 mouse device common for all mice
[    3.581235] using rtc device, ambarella-rtc, for alarms
[    3.586848] ambarella-rtc ambarella-rtc: rtc core: registered ambarella-rtc as rtc0
[    3.597393] ambarella-wdt ambarella-wdt: Ambarella Media Processor Watch Dog Timer[ambarella-wdt].
[    3.615521] ALSA device list:
[    3.618627]   No soundcards found.
[    3.622160] oprofile: hardware counters not available
[    3.627765] oprofile: using timer interrupt.
[    3.632499] TCP cubic registered
[    3.636030] NET: Registered protocol family 17
[    3.645100] ambarella-rtc ambarella-rtc: setting system clock to 2004-01-10 13:49:05 UTC (1073742545)
[    3.656666] UBIFS: parse sync
[    3.693891] UBIFS: recovery needed
[    3.749362] UBIFS: recovery completed
[    3.753415] UBIFS: mounted UBI device 0, volume 0, name "rootfs"
[    3.759907] UBIFS: file system size:   44314624 bytes (43276 KiB, 42 MiB, 349 LEBs)
[    3.767992] UBIFS: journal size:       9023488 bytes (8812 KiB, 8 MiB, 72 LEBs)
[    3.775668] UBIFS: media format:       w4/r0 (latest is w4/r0)
[    3.781744] UBIFS: default compressor: lzo
[    3.786073] UBIFS: reserved for root:  0 bytes (0 KiB)
[    3.792787] VFS: Mounted root (ubifs filesystem) on device 0:13.
[    3.799337] Freeing init memory: 136K
[    4.608296] UBI: attaching mtd9 to ubi1
[    4.612320] UBI: physical eraseblock size:   131072 bytes (128 KiB)
[    4.618955] UBI: logical eraseblock size:    126976 bytes
[    4.624577] UBI: smallest flash I/O unit:    2048
[    4.629563] UBI: VID header offset:          2048 (aligned 2048)
[    4.635873] UBI: data offset:                4096
[    4.649115] UBI: max. sequence number:       0
[    4.653757] UBI error: ubi_read_volume_table: the layout volume was not found
ubiattach: error!: cannot attach mtd9
           error 22 (Invalid argument)
umount: can't umount /mnt/dropcam: Invalid argument
mount: mounting ubi1_0 on /mnt/dropcam/ failed: No such device
[    4.753356] CLEANMARKER node found at 0x00000000 has totlen 0xc != normal 0x0
[    4.796457] Empty flash at 0x00000114 ends at 0x00000800
rm: can't remove '/root/*.pid': No such file or directory
rm: can't remove '/root/*.log': No such file or directory
Populating dropcam using udev: Done
[    5.670969] Loading modules backported from Linux version v3.14-0-g455c6fd
[    5.715593] Backport generated by backports.git v3.14-1-0-g369d49a
[    6.398618] cfg80211: Calling CRDA to update world regulatory domain
[    6.416234] cfg80211: World regulatory domain updated:
[    6.421698] cfg80211:     (start_freq - end_freq @ bandwidth), (max_antenna_gain, max_eirp)
[    6.442857] cfg80211:     (2402000 KHz - 2472000 KHz @ 40000 KHz), (300 mBi, 2000 mBm)
[    6.451838] cfg80211:     (2457000 KHz - 2482000 KHz @ 20000 KHz), (300 mBi, 2000 mBm)
[    6.460288] cfg80211:     (2474000 KHz - 2494000 KHz @ 20000 KHz), (300 mBi, 2000 mBm)
[    6.468857] cfg80211:     (5140000 KHz - 5360000 KHz @ 40000 KHz), (N/A, 3000 mBm)
[    6.476919] cfg80211:     (5460000 KHz - 5860000 KHz @ 40000 KHz), (N/A, 3000 mBm)
[    6.858574] Switching to clocksource jiffies
[    6.858574] Switching to clocksource ambarella-cs-timer
[    6.373197] i2c /dev entries driver
[    6.434651] cfg80211: World regulatory domain updated:
[    6.439929] cfg80211:     (start_freq - end_freq @ bandwidth), (max_antenna_gain, max_eirp)
[    6.460067] cfg80211:     (2402000 KHz - 2472000 KHz @ 40000 KHz), (300 mBi, 2000 mBm)
[    6.468388] cfg80211:     (2457000 KHz - 2482000 KHz @ 40000 KHz), (300 mBi, 2000 mBm)
[    6.476750] cfg80211:     (2474000 KHz - 2494000 KHz @ 20000 KHz), (300 mBi, 2000 mBm)
[    6.485072] cfg80211:     (5170000 KHz - 5250000 KHz @ 40000 KHz), (300 mBi, 2000 mBm)
[    6.493963] cfg80211:     (5735000 KHz - 5835000 KHz @ 40000 KHz), (300 mBi, 2000 mBm)
[    6.669536] wm8974_amb.c :: __init wm8974_modinit(void)
[    6.675020]
[    6.675041] wm8974 i2c add +
[    6.683546]
[    6.683573] wm8974 i2c add -
[    6.688044]
[    6.688053] wm8974 init done
[    6.733544] wm8974 audio codec is provided by amba Wu Dongge
[    6.762415] asoc: wm8974-hifi <-> ambarella-i2s.0 mapping ok
[    6.886194] input: AmbInput as /devices/virtual/input/input0
[    6.901948] ambarella_gpio_irq_set_wake: irq[99] = girq[35] = 1
[    6.921487] ambarella-input ambarella-input: AmbInput probed!
[    7.033536] ambarella_udc: version 2 August 2011
[    7.123661] ambarella-crypto ambarella-crypto: Ambarella Media Processor Cryptography Engine probed(polling mode).
Initializing random number generator... [    7.321123] mmc1: queuing unknown CIS tuple 0x01 (3 bytes)
[    7.353392] mmc1: queuing unknown CIS tuple 0x1a (5 bytes)
[    7.377894] mmc1: queuing unknown CIS tuple 0x1b (8 bytes)
[    7.402422] mmc1: queuing unknown CIS tuple 0x14 (0 bytes)
[    7.413730] mmc1:attach sdio array 1
[    7.431190] mmc1: queuing unknown CIS tuple 0x80 (1 bytes)
[    7.440589] mmc1: queuing unknown CIS tuple 0x81 (1 bytes)
[    7.451679] mmc1: queuing unknown CIS tuple 0x82 (1 bytes)
[    7.463523] mmc1: new high speed SDIO card at address 0001
done.
Starting system message bus: [    7.712929] MAC from EEPROM 00:03:7F:05:81:91
[    7.762410] Soft MAC 30:8C:FB:91:FF:5E
[    7.810214] ath6kl: temporary war to avoid sdio crc error
[    8.413807] ath6kl: ar6003 hw 2.1.1 sdio fw 3.4.0.225.SMARTPHONE api 4
[    8.428500] ath6kl: Current ath6kl driver version is: 3.4.0.225
done

            .:^:.
        .o0WMMMMMNOc.               lk,
       dWMMMMNXNMMMMWl             .NMc
      dMMMMd.   .kMMMMl     .oOXNX0kWMc cX0xXNo .oOXNX0d'  .0XxxKNNKx;     :kKNNKx. .lOXNNKx,   :XXxKNXOldKNNKd.
      KMMMO       KMMM0    lWNd;',lXMMc oMMo'..dWNo,',oXWx .WMWk;',c0M0. .KMO:'':; ;NWx;',cKMK. lMMx'.oWMX;.'0MO
      OMMMW;     cWMMMx   .MM:     .WMc oMX   'MM,     'WM;.WMd      XMo kM0       KMx     .WMd lMM'  .XMo   cMX
      .0MMMM0..cKMMMMk     0M0'   .dMMc oMX   .XMk'   .xMX..WMK;   .lWW, cWW:      dMX,   .oMMd lMM'  .XMo   cMX
        :XM0:dNMMMMO;       oNMNKXMNWMc oMX    .dNMNKXMNx. .WMWMNKXMWO'   ;0WWKKWN, cKMNKXWWWMd lMM'  .XMo   cMK
          ;.0MMMMO,           .;:;. ';. .;.       .;:;.    .WMo.,:;'.       .,::,.    .;:;'..;. .;;    ,;.   .;.
            'ONx'                                          .WM:
                                                            ..
Ambarella login: Successfully initialized wpa_supplicant
rfkill: Cannot open RFKILL control device
rm: can't remove '/usr/bin/conne[    9.444567] ambarella-wdt ambarella-wdt: Not stopping watchdog, V first!
ct_unverified': No such file or directory

            .:^:.
        .o0WMMMMMNOc.               lk,
       dWMMMMNXNMMMMWl             .NMc
      dMMMMd.   .kMMMMl     .oOXNX0kWMc cX0xXNo .oOXNX0d'  .0XxxKNNKx;     :kKNNKx. .lOXNNKx,   :XXxKNXOldKNNKd.
      KMMMO       KMMM0    lWNd;',lXMMc oMMo'..dWNo,',oXWx .WMWk;',c0M0. .KMO:'':; ;NWx;',cKMK. lMMx'.oWMX;.'0MO
      OMMMW;     cWMMMx   .MM:     .WMc oMX   'MM,     'WM;.WMd      XMo kM0       KMx     .WMd lMM'  .XMo   cMX
      .0MMMM0..cKMMMMk     0M0'   .dMMc oMX   .XMk'   .xMX..WMK;   .lWW, cWW:      dMX,   .oMMd lMM'  .XMo   cMX
        :XM0:dNMMMMO;       oNMNKXMNWMc oMX    .dNMNKXMNx. .WMWMNKXMWO'   ;0WWKKWN, cKMNKXWWWMd lMM'  .XMo   cMK
